Archive member included to satisfy reference by file (symbol)

c:/st/stm32cubeide_1.5.1/stm32cubeide/plugins/com.st.stm32cube.ide.mcu.externaltools.gnu-tools-for-stm32.7-2018-q2-update.win32_1.5.0.202011040924/tools/bin/../lib/gcc/arm-none-eabi/7.3.1/../../../../arm-none-eabi/lib/thumb/v7e-m/fpv4-sp/hard\libc_nano.a(lib_a-errno.o)
                              Core/Src/syscalls.o (__errno)
c:/st/stm32cubeide_1.5.1/stm32cubeide/plugins/com.st.stm32cube.ide.mcu.externaltools.gnu-tools-for-stm32.7-2018-q2-update.win32_1.5.0.202011040924/tools/bin/../lib/gcc/arm-none-eabi/7.3.1/../../../../arm-none-eabi/lib/thumb/v7e-m/fpv4-sp/hard\libc_nano.a(lib_a-exit.o)
                              c:/st/stm32cubeide_1.5.1/stm32cubeide/plugins/com.st.stm32cube.ide.mcu.externaltools.gnu-tools-for-stm32.7-2018-q2-update.win32_1.5.0.202011040924/tools/bin/../lib/gcc/arm-none-eabi/7.3.1/../../../../arm-none-eabi/lib/thumb/v7e-m/fpv4-sp/hard/crt0.o (exit)
c:/st/stm32cubeide_1.5.1/stm32cubeide/plugins/com.st.stm32cube.ide.mcu.externaltools.gnu-tools-for-stm32.7-2018-q2-update.win32_1.5.0.202011040924/tools/bin/../lib/gcc/arm-none-eabi/7.3.1/../../../../arm-none-eabi/lib/thumb/v7e-m/fpv4-sp/hard\libc_nano.a(lib_a-impure.o)
                              c:/st/stm32cubeide_1.5.1/stm32cubeide/plugins/com.st.stm32cube.ide.mcu.externaltools.gnu-tools-for-stm32.7-2018-q2-update.win32_1.5.0.202011040924/tools/bin/../lib/gcc/arm-none-eabi/7.3.1/../../../../arm-none-eabi/lib/thumb/v7e-m/fpv4-sp/hard\libc_nano.a(lib_a-exit.o) (_global_impure_ptr)
c:/st/stm32cubeide_1.5.1/stm32cubeide/plugins/com.st.stm32cube.ide.mcu.externaltools.gnu-tools-for-stm32.7-2018-q2-update.win32_1.5.0.202011040924/tools/bin/../lib/gcc/arm-none-eabi/7.3.1/../../../../arm-none-eabi/lib/thumb/v7e-m/fpv4-sp/hard\libc_nano.a(lib_a-init.o)
                              c:/st/stm32cubeide_1.5.1/stm32cubeide/plugins/com.st.stm32cube.ide.mcu.externaltools.gnu-tools-for-stm32.7-2018-q2-update.win32_1.5.0.202011040924/tools/bin/../lib/gcc/arm-none-eabi/7.3.1/../../../../arm-none-eabi/lib/thumb/v7e-m/fpv4-sp/hard/crt0.o (__libc_init_array)
c:/st/stm32cubeide_1.5.1/stm32cubeide/plugins/com.st.stm32cube.ide.mcu.externaltools.gnu-tools-for-stm32.7-2018-q2-update.win32_1.5.0.202011040924/tools/bin/../lib/gcc/arm-none-eabi/7.3.1/../../../../arm-none-eabi/lib/thumb/v7e-m/fpv4-sp/hard\libc_nano.a(lib_a-memset.o)
                              c:/st/stm32cubeide_1.5.1/stm32cubeide/plugins/com.st.stm32cube.ide.mcu.externaltools.gnu-tools-for-stm32.7-2018-q2-update.win32_1.5.0.202011040924/tools/bin/../lib/gcc/arm-none-eabi/7.3.1/../../../../arm-none-eabi/lib/thumb/v7e-m/fpv4-sp/hard/crt0.o (memset)
c:/st/stm32cubeide_1.5.1/stm32cubeide/plugins/com.st.stm32cube.ide.mcu.externaltools.gnu-tools-for-stm32.7-2018-q2-update.win32_1.5.0.202011040924/tools/bin/../lib/gcc/arm-none-eabi/7.3.1/../../../../arm-none-eabi/lib/thumb/v7e-m/fpv4-sp/hard\libc_nano.a(lib_a-strcmp.o)
                              Core/Src/LED_API.o (strcmp)
c:/st/stm32cubeide_1.5.1/stm32cubeide/plugins/com.st.stm32cube.ide.mcu.externaltools.gnu-tools-for-stm32.7-2018-q2-update.win32_1.5.0.202011040924/tools/bin/../lib/gcc/arm-none-eabi/7.3.1/../../../../arm-none-eabi/lib/thumb/v7e-m/fpv4-sp/hard\libc_nano.a(lib_a-strlen.o)
                              Core/Src/LED_API.o (strlen)

Allocating common symbols
Common symbol       size              file

uwTick              0x4               Drivers/STM32L4xx_HAL_Driver/Src/stm32l4xx_hal.o

Discarded input sections

 .text          0x0000000000000000        0x0 c:/st/stm32cubeide_1.5.1/stm32cubeide/plugins/com.st.stm32cube.ide.mcu.externaltools.gnu-tools-for-stm32.7-2018-q2-update.win32_1.5.0.202011040924/tools/bin/../lib/gcc/arm-none-eabi/7.3.1/thumb/v7e-m/fpv4-sp/hard/crti.o
 .data          0x0000000000000000        0x0 c:/st/stm32cubeide_1.5.1/stm32cubeide/plugins/com.st.stm32cube.ide.mcu.externaltools.gnu-tools-for-stm32.7-2018-q2-update.win32_1.5.0.202011040924/tools/bin/../lib/gcc/arm-none-eabi/7.3.1/thumb/v7e-m/fpv4-sp/hard/crti.o
 .bss           0x0000000000000000        0x0 c:/st/stm32cubeide_1.5.1/stm32cubeide/plugins/com.st.stm32cube.ide.mcu.externaltools.gnu-tools-for-stm32.7-2018-q2-update.win32_1.5.0.202011040924/tools/bin/../lib/gcc/arm-none-eabi/7.3.1/thumb/v7e-m/fpv4-sp/hard/crti.o
 .data          0x0000000000000000        0x4 c:/st/stm32cubeide_1.5.1/stm32cubeide/plugins/com.st.stm32cube.ide.mcu.externaltools.gnu-tools-for-stm32.7-2018-q2-update.win32_1.5.0.202011040924/tools/bin/../lib/gcc/arm-none-eabi/7.3.1/thumb/v7e-m/fpv4-sp/hard/crtbegin.o
 .text          0x0000000000000000       0x74 c:/st/stm32cubeide_1.5.1/stm32cubeide/plugins/com.st.stm32cube.ide.mcu.externaltools.gnu-tools-for-stm32.7-2018-q2-update.win32_1.5.0.202011040924/tools/bin/../lib/gcc/arm-none-eabi/7.3.1/../../../../arm-none-eabi/lib/thumb/v7e-m/fpv4-sp/hard/crt0.o
[...]
Memory Configuration

Name             Origin             Length             Attributes
RAM              0x0000000020000000 0x0000000000018000 xrw
RAM2             0x0000000010000000 0x0000000000008000 xrw
FLASH            0x0000000008000000 0x0000000000100000 xr
*default*        0x0000000000000000 0xffffffffffffffff

Linker script and memory map

LOAD c:/st/stm32cubeide_1.5.1/stm32cubeide/plugins/com.st.stm32cube.ide.mcu.externaltools.gnu-tools-for-stm32.7-2018-q2-update.win32_1.5.0.202011040924/tools/bin/../lib/gcc/arm-none-eabi/7.3.1/thumb/v7e-m/fpv4-sp/hard/crti.o
LOAD c:/st/stm32cubeide_1.5.1/stm32cubeide/plugins/com.st.stm32cube.ide.mcu.externaltools.gnu-tools-for-stm32.7-2018-q2-update.win32_1.5.0.202011040924/tools/bin/../lib/gcc/arm-none-eabi/7.3.1/thumb/v7e-m/fpv4-sp/hard/crtbegin.o
LOAD c:/st/stm32cubeide_1.5.1/stm32cubeide/plugins/com.st.stm32cube.ide.mcu.externaltools.gnu-tools-for-stm32.7-2018-q2-update.win32_1.5.0.202011040924/tools/bin/../lib/gcc/arm-none-eabi/7.3.1/../../../../arm-none-eabi/lib/thumb/v7e-m/fpv4-sp/hard/crt0.o
LOAD Core/Src/LED.o
LOAD Core/Src/LED_API.o
LOAD Core/Src/SysClock.o
LOAD Core/Src/UART.o
LOAD Core/Src/demo.o
LOAD Core/Src/main.o
LOAD Core/Src/syscalls.o
LOAD Core/Src/sysmem.o
LOAD Core/Src/system_stm32l4xx.o
LOAD Core/Startup/startup_stm32l476rgtx.o
LOAD Drivers/STM32L4xx_HAL_Driver/Src/stm32l4xx_hal.o
LOAD Drivers/STM32L4xx_HAL_Driver/Src/stm32l4xx_hal_cortex.o
LOAD Drivers/STM32L4xx_HAL_Driver/Src/stm32l4xx_hal_dma.o
LOAD Drivers/STM32L4xx_HAL_Driver/Src/stm32l4xx_hal_dma_ex.o
LOAD Drivers/STM32L4xx_HAL_Driver/Src/stm32l4xx_hal_exti.o
LOAD Drivers/STM32L4xx_HAL_Driver/Src/stm32l4xx_hal_flash.o
LOAD Drivers/STM32L4xx_HAL_Driver/Src/stm32l4xx_hal_flash_ex.o
LOAD Drivers/STM32L4xx_HAL_Driver/Src/stm32l4xx_hal_flash_ramfunc.o
LOAD Drivers/STM32L4xx_HAL_Driver/Src/stm32l4xx_hal_gpio.o
LOAD Drivers/STM32L4xx_HAL_Driver/Src/stm32l4xx_hal_i2c.o
LOAD Drivers/STM32L4xx_HAL_Driver/Src/stm32l4xx_hal_i2c_ex.o
LOAD Drivers/STM32L4xx_HAL_Driver/Src/stm32l4xx_hal_pwr.o
LOAD Drivers/STM32L4xx_HAL_Driver/Src/stm32l4xx_hal_pwr_ex.o
LOAD Drivers/STM32L4xx_HAL_Driver/Src/stm32l4xx_hal_rcc.o
LOAD Drivers/STM32L4xx_HAL_Driver/Src/stm32l4xx_hal_rcc_ex.o
LOAD Drivers/STM32L4xx_HAL_Driver/Src/stm32l4xx_hal_tim.o
LOAD Drivers/STM32L4xx_HAL_Driver/Src/stm32l4xx_hal_tim_ex.o
START GROUP
LOAD c:/st/stm32cubeide_1.5.1/stm32cubeide/plugins/com.st.stm32cube.ide.mcu.externaltools.gnu-tools-for-stm32.7-2018-q2-update.win32_1.5.0.202011040924/tools/bin/../lib/gcc/arm-none-eabi/7.3.1/../../../../arm-none-eabi/lib/thumb/v7e-m/fpv4-sp/hard\libc_nano.a
LOAD c:/st/stm32cubeide_1.5.1/stm32cubeide/plugins/com.st.stm32cube.ide.mcu.externaltools.gnu-tools-for-stm32.7-2018-q2-update.win32_1.5.0.202011040924/tools/bin/../lib/gcc/arm-none-eabi/7.3.1/../../../../arm-none-eabi/lib/thumb/v7e-m/fpv4-sp/hard\libm.a
END GROUP
START GROUP
LOAD c:/st/stm32cubeide_1.5.1/stm32cubeide/plugins/com.st.stm32cube.ide.mcu.externaltools.gnu-tools-for-stm32.7-2018-q2-update.win32_1.5.0.202011040924/tools/bin/../lib/gcc/arm-none-eabi/7.3.1/thumb/v7e-m/fpv4-sp/hard\libgcc.a
LOAD c:/st/stm32cubeide_1.5.1/stm32cubeide/plugins/com.st.stm32cube.ide.mcu.externaltools.gnu-tools-for-stm32.7-2018-q2-update.win32_1.5.0.202011040924/tools/bin/../lib/gcc/arm-none-eabi/7.3.1/../../../../arm-none-eabi/lib/thumb/v7e-m/fpv4-sp/hard\libc_nano.a
END GROUP
START GROUP
LOAD c:/st/stm32cubeide_1.5.1/stm32cubeide/plugins/com.st.stm32cube.ide.mcu.externaltools.gnu-tools-for-stm32.7-2018-q2-update.win32_1.5.0.202011040924/tools/bin/../lib/gcc/arm-none-eabi/7.3.1/thumb/v7e-m/fpv4-sp/hard\libgcc.a
LOAD c:/st/stm32cubeide_1.5.1/stm32cubeide/plugins/com.st.stm32cube.ide.mcu.externaltools.gnu-tools-for-stm32.7-2018-q2-update.win32_1.5.0.202011040924/tools/bin/../lib/gcc/arm-none-eabi/7.3.1/../../../../arm-none-eabi/lib/thumb/v7e-m/fpv4-sp/hard\libc_nano.a
LOAD c:/st/stm32cubeide_1.5.1/stm32cubeide/plugins/com.st.stm32cube.ide.mcu.externaltools.gnu-tools-for-stm32.7-2018-q2-update.win32_1.5.0.202011040924/tools/bin/../lib/gcc/arm-none-eabi/7.3.1/../../../../arm-none-eabi/lib/thumb/v7e-m/fpv4-sp/hard\libnosys.a
END GROUP
START GROUP
LOAD c:/st/stm32cubeide_1.5.1/stm32cubeide/plugins/com.st.stm32cube.ide.mcu.externaltools.gnu-tools-for-stm32.7-2018-q2-update.win32_1.5.0.202011040924/tools/bin/../lib/gcc/arm-none-eabi/7.3.1/thumb/v7e-m/fpv4-sp/hard\libgcc.a
LOAD c:/st/stm32cubeide_1.5.1/stm32cubeide/plugins/com.st.stm32cube.ide.mcu.externaltools.gnu-tools-for-stm32.7-2018-q2-update.win32_1.5.0.202011040924/tools/bin/../lib/gcc/arm-none-eabi/7.3.1/../../../../arm-none-eabi/lib/thumb/v7e-m/fpv4-sp/hard\libc_nano.a
LOAD c:/st/stm32cubeide_1.5.1/stm32cubeide/plugins/com.st.stm32cube.ide.mcu.externaltools.gnu-tools-for-stm32.7-2018-q2-update.win32_1.5.0.202011040924/tools/bin/../lib/gcc/arm-none-eabi/7.3.1/../../../../arm-none-eabi/lib/thumb/v7e-m/fpv4-sp/hard\libnosys.a
END GROUP
LOAD c:/st/stm32cubeide_1.5.1/stm32cubeide/plugins/com.st.stm32cube.ide.mcu.externaltools.gnu-tools-for-stm32.7-2018-q2-update.win32_1.5.0.202011040924/tools/bin/../lib/gcc/arm-none-eabi/7.3.1/thumb/v7e-m/fpv4-sp/hard/crtend.o
LOAD c:/st/stm32cubeide_1.5.1/stm32cubeide/plugins/com.st.stm32cube.ide.mcu.externaltools.gnu-tools-for-stm32.7-2018-q2-update.win32_1.5.0.202011040924/tools/bin/../lib/gcc/arm-none-eabi/7.3.1/thumb/v7e-m/fpv4-sp/hard/crtn.o
                0x0000000020018000                _estack = (ORIGIN (RAM) + LENGTH (RAM))
                0x0000000000000200                _Min_Heap_Size = 0x200
                0x0000000000000400                _Min_Stack_Size = 0x400

.isr_vector     0x0000000008000000      0x188
                0x0000000008000000                . = ALIGN (0x4)
 *(.isr_vector)
 .isr_vector    0x0000000008000000      0x188 Core/Startup/startup_stm32l476rgtx.o
                0x0000000008000000                g_pfnVectors
                0x0000000008000188                . = ALIGN (0x4)

.text           0x0000000008000188      0xa88
                0x0000000008000188                . = ALIGN (0x4)
 *(.text)
 .text          0x0000000008000188       0x40 c:/st/stm32cubeide_1.5.1/stm32cubeide/plugins/com.st.stm32cube.ide.mcu.externaltools.gnu-tools-for-stm32.7-2018-q2-update.win32_1.5.0.202011040924/tools/bin/../lib/gcc/arm-none-eabi/7.3.1/thumb/v7e-m/fpv4-sp/hard/crtbegin.o
 .text          0x00000000080001c8       0x14 c:/st/stm32cubeide_1.5.1/stm32cubeide/plugins/com.st.stm32cube.ide.mcu.externaltools.gnu-tools-for-stm32.7-2018-q2-update.win32_1.5.0.202011040924/tools/bin/../lib/gcc/arm-none-eabi/7.3.1/../../../../arm-none-eabi/lib/thumb/v7e-m/fpv4-sp/hard\libc_nano.a(lib_a-strcmp.o)
                0x00000000080001c8                strcmp
 .text          0x00000000080001dc       0x10 c:/st/stm32cubeide_1.5.1/stm32cubeide/plugins/com.st.stm32cube.ide.mcu.externaltools.gnu-tools-for-stm32.7-2018-q2-update.win32_1.5.0.202011040924/tools/bin/../lib/gcc/arm-none-eabi/7.3.1/../../../../arm-none-eabi/lib/thumb/v7e-m/fpv4-sp/hard\libc_nano.a(lib_a-strlen.o)
                0x00000000080001dc                strlen
 *(.text*)
 .text.GPIO_Output_Init
                0x00000000080001ec       0xfc Core/Src/LED.o
                0x00000000080001ec                GPIO_Output_Init
 .text.LED_Init
                0x00000000080002e8       0x26 Core/Src/LED.o
                0x00000000080002e8                LED_Init
 .text.LED_r_On
                0x000000000800030e       0x2e Core/Src/LED.o
                0x000000000800030e                LED_r_On
 .text.LED_r_Off
                0x000000000800033c       0x2e Core/Src/LED.o
                0x000000000800033c                LED_r_Off
 .text.LED_g_On
                0x000000000800036a       0x2e Core/Src/LED.o
                0x000000000800036a                LED_g_On
 .text.LED_g_Off
                0x0000000008000398       0x2e Core/Src/LED.o
                0x0000000008000398                LED_g_Off
 *fill*         0x00000000080003c6        0x2 
 .text.init_systick
                0x00000000080003c8       0x48 Core/Src/LED_API.o
 .text.print_intro
                0x0000000008000410       0x60 Core/Src/LED_API.o
 .text.init_all
                0x0000000008000470       0x10 Core/Src/LED_API.o
 .text.process_input
                0x0000000008000480       0xec Core/Src/LED_API.o
 .text.SysTick_Handler
                0x000000000800056c       0x40 Core/Src/LED_API.o
                0x000000000800056c                SysTick_Handler
 .text.UpdateApiCheck
                0x00000000080005ac       0xc0 Core/Src/LED_API.o
                0x00000000080005ac                UpdateApiCheck
 .text.System_Clock_Init
                0x000000000800066c      0x1bc Core/Src/SysClock.o
                0x000000000800066c                System_Clock_Init
 .text.UART2_Init
                0x0000000008000828       0x48 Core/Src/UART.o
                0x0000000008000828                UART2_Init
 .text.UART2_GPIO_Init
                0x0000000008000870       0x90 Core/Src/UART.o
                0x0000000008000870                UART2_GPIO_Init
 .text.USART_Init
                0x0000000008000900      0x108 Core/Src/UART.o
                0x0000000008000900                USART_Init
 .text.USART_Read_Nonblocking
                0x0000000008000a08       0x2c Core/Src/UART.o
                0x0000000008000a08                USART_Read_Nonblocking
 .text.USART_Write
                0x0000000008000a34       0x66 Core/Src/UART.o
                0x0000000008000a34                USART_Write
 *fill*         0x0000000008000a9a        0x2 
 .text.USART_Delay
                0x0000000008000a9c       0x3c Core/Src/UART.o
                0x0000000008000a9c                USART_Delay
 .text.main     0x0000000008000ad8       0x16 Core/Src/main.o
                0x0000000008000ad8                main
 *fill*         0x0000000008000aee        0x2 
 .text.SystemInit
                0x0000000008000af0       0x6c Core/Src/system_stm32l4xx.o
                0x0000000008000af0                SystemInit
 .text.Reset_Handler
                0x0000000008000b5c       0x50 Core/Startup/startup_stm32l476rgtx.o
                0x0000000008000b5c                Reset_Handler
 .text.Default_Handler
                0x0000000008000bac        0x2 Core/Startup/startup_stm32l476rgtx.o
                0x0000000008000bac                RTC_Alarm_IRQHandler
                0x0000000008000bac                EXTI2_IRQHandler
                0x0000000008000bac                TIM8_TRG_COM_IRQHandler
                0x0000000008000bac                TIM8_CC_IRQHandler
                0x0000000008000bac                DebugMon_Handler
                0x0000000008000bac                TIM1_CC_IRQHandler
                0x0000000008000bac                TSC_IRQHandler
                0x0000000008000bac                HardFault_Handler
                0x0000000008000bac                TAMP_STAMP_IRQHandler
                0x0000000008000bac                PendSV_Handler
                0x0000000008000bac                NMI_Handler
                0x0000000008000bac                EXTI3_IRQHandler
                0x0000000008000bac                LPTIM2_IRQHandler
                0x0000000008000bac                DFSDM1_FLT1_IRQHandler
                0x0000000008000bac                I2C3_ER_IRQHandler
                0x0000000008000bac                DFSDM1_FLT2_IRQHandler
                0x0000000008000bac                EXTI0_IRQHandler
                0x0000000008000bac                I2C2_EV_IRQHandler
                0x0000000008000bac                CAN1_RX0_IRQHandler
                0x0000000008000bac                FPU_IRQHandler
                0x0000000008000bac                TIM1_UP_TIM16_IRQHandler
                0x0000000008000bac                UsageFault_Handler
                0x0000000008000bac                ADC1_2_IRQHandler
                0x0000000008000bac                SPI1_IRQHandler
                0x0000000008000bac                TIM6_DAC_IRQHandler
                0x0000000008000bac                TIM8_UP_IRQHandler
                0x0000000008000bac                DMA2_Channel2_IRQHandler
                0x0000000008000bac                DMA1_Channel4_IRQHandler
                0x0000000008000bac                SAI2_IRQHandler
                0x0000000008000bac                DFSDM1_FLT3_IRQHandler
                0x0000000008000bac                USART3_IRQHandler
                0x0000000008000bac                DMA1_Channel7_IRQHandler
                0x0000000008000bac                CAN1_RX1_IRQHandler
                0x0000000008000bac                LCD_IRQHandler
                0x0000000008000bac                UART5_IRQHandler
                0x0000000008000bac                ADC3_IRQHandler
                0x0000000008000bac                TIM4_IRQHandler
                0x0000000008000bac                DMA2_Channel1_IRQHandler
                0x0000000008000bac                QUADSPI_IRQHandler
                0x0000000008000bac                I2C1_EV_IRQHandler
                0x0000000008000bac                DMA1_Channel6_IRQHandler
                0x0000000008000bac                UART4_IRQHandler
                0x0000000008000bac                DMA2_Channel4_IRQHandler
                0x0000000008000bac                TIM3_IRQHandler
                0x0000000008000bac                RCC_IRQHandler
                0x0000000008000bac                DMA1_Channel1_IRQHandler
                0x0000000008000bac                Default_Handler
                0x0000000008000bac                DMA2_Channel7_IRQHandler
                0x0000000008000bac                EXTI15_10_IRQHandler
                0x0000000008000bac                TIM7_IRQHandler
                0x0000000008000bac                SDMMC1_IRQHandler
                0x0000000008000bac                TIM5_IRQHandler
                0x0000000008000bac                I2C3_EV_IRQHandler
                0x0000000008000bac                EXTI9_5_IRQHandler
                0x0000000008000bac                RTC_WKUP_IRQHandler
                0x0000000008000bac                PVD_PVM_IRQHandler
                0x0000000008000bac                SPI2_IRQHandler
                0x0000000008000bac                MemManage_Handler
                0x0000000008000bac                CAN1_TX_IRQHandler
                0x0000000008000bac                SVC_Handler
                0x0000000008000bac                DMA2_Channel5_IRQHandler
                0x0000000008000bac                DMA1_Channel5_IRQHandler
                0x0000000008000bac                EXTI4_IRQHandler
                0x0000000008000bac                RNG_IRQHandler
                0x0000000008000bac                TIM1_TRG_COM_TIM17_IRQHandler
                0x0000000008000bac                DMA1_Channel3_IRQHandler
                0x0000000008000bac                COMP_IRQHandler
                0x0000000008000bac                WWDG_IRQHandler
                0x0000000008000bac                LPUART1_IRQHandler
                0x0000000008000bac                DMA2_Channel6_IRQHandler
                0x0000000008000bac                TIM2_IRQHandler
                0x0000000008000bac                EXTI1_IRQHandler
                0x0000000008000bac                USART2_IRQHandler
                0x0000000008000bac                DFSDM1_FLT0_IRQHandler
                0x0000000008000bac                I2C2_ER_IRQHandler
                0x0000000008000bac                DMA1_Channel2_IRQHandler
                0x0000000008000bac                TIM8_BRK_IRQHandler
                0x0000000008000bac                CAN1_SCE_IRQHandler
                0x0000000008000bac                FLASH_IRQHandler
                0x0000000008000bac                BusFault_Handler
                0x0000000008000bac                USART1_IRQHandler
                0x0000000008000bac                OTG_FS_IRQHandler
                0x0000000008000bac                SPI3_IRQHandler
                0x0000000008000bac                I2C1_ER_IRQHandler
                0x0000000008000bac                FMC_IRQHandler
                0x0000000008000bac                SWPMI1_IRQHandler
                0x0000000008000bac                LPTIM1_IRQHandler
                0x0000000008000bac                SAI1_IRQHandler
                0x0000000008000bac                DMA2_Channel3_IRQHandler
                0x0000000008000bac                TIM1_BRK_TIM15_IRQHandler
 *fill*         0x0000000008000bae        0x2 
 .text.__libc_init_array
                0x0000000008000bb0       0x48 c:/st/stm32cubeide_1.5.1/stm32cubeide/plugins/com.st.stm32cube.ide.mcu.externaltools.gnu-tools-for-stm32.7-2018-q2-update.win32_1.5.0.202011040924/tools/bin/../lib/gcc/arm-none-eabi/7.3.1/../../../../arm-none-eabi/lib/thumb/v7e-m/fpv4-sp/hard\libc_nano.a(lib_a-init.o)
                0x0000000008000bb0                __libc_init_array
 *(.glue_7)
 .glue_7        0x0000000008000bf8        0x0 linker stubs
 *(.glue_7t)
 .glue_7t       0x0000000008000bf8        0x0 linker stubs
 *(.eh_frame)
 .eh_frame      0x0000000008000bf8        0x0 c:/st/stm32cubeide_1.5.1/stm32cubeide/plugins/com.st.stm32cube.ide.mcu.externaltools.gnu-tools-for-stm32.7-2018-q2-update.win32_1.5.0.202011040924/tools/bin/../lib/gcc/arm-none-eabi/7.3.1/thumb/v7e-m/fpv4-sp/hard/crtbegin.o
 *(.init)
 .init          0x0000000008000bf8        0x4 c:/st/stm32cubeide_1.5.1/stm32cubeide/plugins/com.st.stm32cube.ide.mcu.externaltools.gnu-tools-for-stm32.7-2018-q2-update.win32_1.5.0.202011040924/tools/bin/../lib/gcc/arm-none-eabi/7.3.1/thumb/v7e-m/fpv4-sp/hard/crti.o
                0x0000000008000bf8                _init
 .init          0x0000000008000bfc        0x8 c:/st/stm32cubeide_1.5.1/stm32cubeide/plugins/com.st.stm32cube.ide.mcu.externaltools.gnu-tools-for-stm32.7-2018-q2-update.win32_1.5.0.202011040924/tools/bin/../lib/gcc/arm-none-eabi/7.3.1/thumb/v7e-m/fpv4-sp/hard/crtn.o
 *(.fini)
 .fini          0x0000000008000c04        0x4 c:/st/stm32cubeide_1.5.1/stm32cubeide/plugins/com.st.stm32cube.ide.mcu.externaltools.gnu-tools-for-stm32.7-2018-q2-update.win32_1.5.0.202011040924/tools/bin/../lib/gcc/arm-none-eabi/7.3.1/thumb/v7e-m/fpv4-sp/hard/crti.o
                0x0000000008000c04                _fini
 .fini          0x0000000008000c08        0x8 c:/st/stm32cubeide_1.5.1/stm32cubeide/plugins/com.st.stm32cube.ide.mcu.externaltools.gnu-tools-for-stm32.7-2018-q2-update.win32_1.5.0.202011040924/tools/bin/../lib/gcc/arm-none-eabi/7.3.1/thumb/v7e-m/fpv4-sp/hard/crtn.o
                0x0000000008000c10                . = ALIGN (0x4)
                0x0000000008000c10                _etext = .

.vfp11_veneer   0x0000000008000c10        0x0
 .vfp11_veneer  0x0000000008000c10        0x0 linker stubs

.v4_bx          0x0000000008000c10        0x0
 .v4_bx         0x0000000008000c10        0x0 linker stubs

.iplt           0x0000000008000c10        0x0
 .iplt          0x0000000008000c10        0x0 c:/st/stm32cubeide_1.5.1/stm32cubeide/plugins/com.st.stm32cube.ide.mcu.externaltools.gnu-tools-for-stm32.7-2018-q2-update.win32_1.5.0.202011040924/tools/bin/../lib/gcc/arm-none-eabi/7.3.1/thumb/v7e-m/fpv4-sp/hard/crtbegin.o

.rodata         0x0000000008000c10      0x108
                0x0000000008000c10                . = ALIGN (0x4)
 *(.rodata)
 .rodata        0x0000000008000c10      0x105 Core/Src/LED_API.o
 *(.rodata*)
                0x0000000008000d18                . = ALIGN (0x4)
 *fill*         0x0000000008000d15        0x3 

.rel.dyn        0x0000000008000d18        0x0
 .rel.iplt      0x0000000008000d18        0x0 c:/st/stm32cubeide_1.5.1/stm32cubeide/plugins/com.st.stm32cube.ide.mcu.externaltools.gnu-tools-for-stm32.7-2018-q2-update.win32_1.5.0.202011040924/tools/bin/../lib/gcc/arm-none-eabi/7.3.1/thumb/v7e-m/fpv4-sp/hard/crtbegin.o

.ARM.extab      0x0000000008000d18        0x0
                0x0000000008000d18                . = ALIGN (0x4)
 *(.ARM.extab* .gnu.linkonce.armextab.*)
                0x0000000008000d18                . = ALIGN (0x4)

.ARM            0x0000000008000d18        0x0
                0x0000000008000d18                . = ALIGN (0x4)
                0x0000000008000d18                __exidx_start = .
 *(.ARM.exidx*)
                0x0000000008000d18                __exidx_end = .
                0x0000000008000d18                . = ALIGN (0x4)

.preinit_array  0x0000000008000d18        0x0
                0x0000000008000d18                . = ALIGN (0x4)
                0x0000000008000d18                PROVIDE (__preinit_array_start = .)
 *(.preinit_array*)
                0x0000000008000d18                PROVIDE (__preinit_array_end = .)
                0x0000000008000d18                . = ALIGN (0x4)

.init_array     0x0000000008000d18        0x4
                0x0000000008000d18                . = ALIGN (0x4)
                0x0000000008000d18                PROVIDE (__init_array_start = .)
 *(SORT_BY_NAME(.init_array.*))
 *(.init_array*)
 .init_array    0x0000000008000d18        0x4 c:/st/stm32cubeide_1.5.1/stm32cubeide/plugins/com.st.stm32cube.ide.mcu.externaltools.gnu-tools-for-stm32.7-2018-q2-update.win32_1.5.0.202011040924/tools/bin/../lib/gcc/arm-none-eabi/7.3.1/thumb/v7e-m/fpv4-sp/hard/crtbegin.o
                0x0000000008000d1c                PROVIDE (__init_array_end = .)
                0x0000000008000d1c                . = ALIGN (0x4)

.fini_array     0x0000000008000d1c        0x4
                0x0000000008000d1c                . = ALIGN (0x4)
                [!provide]                        PROVIDE (__fini_array_start = .)
 *(SORT_BY_NAME(.fini_array.*))
 *(.fini_array*)
 .fini_array    0x0000000008000d1c        0x4 c:/st/stm32cubeide_1.5.1/stm32cubeide/plugins/com.st.stm32cube.ide.mcu.externaltools.gnu-tools-for-stm32.7-2018-q2-update.win32_1.5.0.202011040924/tools/bin/../lib/gcc/arm-none-eabi/7.3.1/thumb/v7e-m/fpv4-sp/hard/crtbegin.o
                [!provide]                        PROVIDE (__fini_array_end = .)
                0x0000000008000d20                . = ALIGN (0x4)
                0x0000000008000d20                _sidata = LOADADDR (.data)

.data           0x0000000020000000        0x0 load address 0x0000000008000d20
                0x0000000020000000                . = ALIGN (0x4)
                0x0000000020000000                _sdata = .
 *(.data)
 *(.data*)
 *(.RamFunc)
 *(.RamFunc*)
                0x0000000020000000                . = ALIGN (0x4)
                0x0000000020000000                _edata = .

.igot.plt       0x0000000020000000        0x0 load address 0x0000000008000d20
 .igot.plt      0x0000000020000000        0x0 c:/st/stm32cubeide_1.5.1/stm32cubeide/plugins/com.st.stm32cube.ide.mcu.externaltools.gnu-tools-for-stm32.7-2018-q2-update.win32_1.5.0.202011040924/tools/bin/../lib/gcc/arm-none-eabi/7.3.1/thumb/v7e-m/fpv4-sp/hard/crtbegin.o
                0x0000000020000000                . = ALIGN (0x4)

.bss            0x0000000020000000       0x24 load address 0x0000000008000d20
                0x0000000020000000                _sbss = .
                0x0000000020000000                __bss_start__ = _sbss
 *(.bss)
 .bss           0x0000000020000000       0x1c c:/st/stm32cubeide_1.5.1/stm32cubeide/plugins/com.st.stm32cube.ide.mcu.externaltools.gnu-tools-for-stm32.7-2018-q2-update.win32_1.5.0.202011040924/tools/bin/../lib/gcc/arm-none-eabi/7.3.1/thumb/v7e-m/fpv4-sp/hard/crtbegin.o
 *(.bss*)
 .bss.one_second_elapsed
                0x000000002000001c        0x1 Core/Src/LED_API.o
 .bss.green_flash
                0x000000002000001d        0x1 Core/Src/LED_API.o
 .bss.red_flash
                0x000000002000001e        0x1 Core/Src/LED_API.o
 *fill*         0x000000002000001f        0x1 
 .bss.counter.8314
                0x0000000020000020        0x4 Core/Src/LED_API.o
 *(COMMON)
                0x0000000020000024                . = ALIGN (0x4)
                0x0000000020000024                _ebss = .
                0x0000000020000024                __bss_end__ = _ebss

._user_heap_stack
                0x0000000020000024      0x604 load address 0x0000000008000d20
                0x0000000020000028                . = ALIGN (0x8)
 *fill*         0x0000000020000024        0x4 
                [!provide]                        PROVIDE (end = .)
                0x0000000020000028                PROVIDE (_end = .)
                0x0000000020000228                . = (. + _Min_Heap_Size)
 *fill*         0x0000000020000028      0x200 
                0x0000000020000628                . = (. + _Min_Stack_Size)
 *fill*         0x0000000020000228      0x400 
                0x0000000020000628                . = ALIGN (0x8)

/DISCARD/
 libc.a(*)
 libm.a(*)
 libgcc.a(*)

.ARM.attributes
                0x0000000000000000       0x30
 *(.ARM.attributes)
 .ARM.attributes
                0x0000000000000000       0x22 c:/st/stm32cubeide_1.5.1/stm32cubeide/plugins/com.st.stm32cube.ide.mcu.externaltools.gnu-tools-for-stm32.7-2018-q2-update.win32_1.5.0.202011040924/tools/bin/../lib/gcc/arm-none-eabi/7.3.1/thumb/v7e-m/fpv4-sp/hard/crti.o
 .ARM.attributes
                0x0000000000000022       0x34 c:/st/stm32cubeide_1.5.1/stm32cubeide/plugins/com.st.stm32cube.ide.mcu.externaltools.gnu-tools-for-stm32.7-2018-q2-update.win32_1.5.0.202011040924/tools/bin/../lib/gcc/arm-none-eabi/7.3.1/thumb/v7e-m/fpv4-sp/hard/crtbegin.o
 .ARM.attributes
                0x0000000000000056       0x39 Core/Src/LED.o
 .ARM.attributes
                0x000000000000008f       0x39 Core/Src/LED_API.o
 .ARM.attributes
                0x00000000000000c8       0x39 Core/Src/SysClock.o
 .ARM.attributes
                0x0000000000000101       0x39 Core/Src/UART.o
 .ARM.attributes
                0x000000000000013a       0x39 Core/Src/main.o
 .ARM.attributes
                0x0000000000000173       0x39 Core/Src/system_stm32l4xx.o
 .ARM.attributes
                0x00000000000001ac       0x21 Core/Startup/startup_stm32l476rgtx.o
 .ARM.attributes
                0x00000000000001cd       0x34 c:/st/stm32cubeide_1.5.1/stm32cubeide/plugins/com.st.stm32cube.ide.mcu.externaltools.gnu-tools-for-stm32.7-2018-q2-update.win32_1.5.0.202011040924/tools/bin/../lib/gcc/arm-none-eabi/7.3.1/../../../../arm-none-eabi/lib/thumb/v7e-m/fpv4-sp/hard\libc_nano.a(lib_a-init.o)
 .ARM.attributes
                0x0000000000000201       0x20 c:/st/stm32cubeide_1.5.1/stm32cubeide/plugins/com.st.stm32cube.ide.mcu.externaltools.gnu-tools-for-stm32.7-2018-q2-update.win32_1.5.0.202011040924/tools/bin/../lib/gcc/arm-none-eabi/7.3.1/../../../../arm-none-eabi/lib/thumb/v7e-m/fpv4-sp/hard\libc_nano.a(lib_a-strcmp.o)
 .ARM.attributes
                0x0000000000000221       0x1b c:/st/stm32cubeide_1.5.1/stm32cubeide/plugins/com.st.stm32cube.ide.mcu.externaltools.gnu-tools-for-stm32.7-2018-q2-update.win32_1.5.0.202011040924/tools/bin/../lib/gcc/arm-none-eabi/7.3.1/../../../../arm-none-eabi/lib/thumb/v7e-m/fpv4-sp/hard\libc_nano.a(lib_a-strlen.o)
 .ARM.attributes
                0x000000000000023c       0x22 c:/st/stm32cubeide_1.5.1/stm32cubeide/plugins/com.st.stm32cube.ide.mcu.externaltools.gnu-tools-for-stm32.7-2018-q2-update.win32_1.5.0.202011040924/tools/bin/../lib/gcc/arm-none-eabi/7.3.1/thumb/v7e-m/fpv4-sp/hard/crtn.o
OUTPUT(UART LED Part1.elf elf32-littlearm)

.debug_info     0x0000000000000000     0x243a
 .debug_info    0x0000000000000000      0x4a9 Core/Src/LED.o
 .debug_info    0x00000000000004a9      0xc3a Core/Src/LED_API.o
 .debug_info    0x00000000000010e3      0x46e Core/Src/SysClock.o
 .debug_info    0x0000000000001551      0x653 Core/Src/UART.o
 .debug_info    0x0000000000001ba4      0x14d Core/Src/main.o
 .debug_info    0x0000000000001cf1      0x727 Core/Src/system_stm32l4xx.o
 .debug_info    0x0000000000002418       0x22 Core/Startup/startup_stm32l476rgtx.o

.debug_abbrev   0x0000000000000000      0x7a4
 .debug_abbrev  0x0000000000000000      0x125 Core/Src/LED.o
 .debug_abbrev  0x0000000000000125      0x233 Core/Src/LED_API.o
 .debug_abbrev  0x0000000000000358       0xdb Core/Src/SysClock.o
 .debug_abbrev  0x0000000000000433      0x179 Core/Src/UART.o
 .debug_abbrev  0x00000000000005ac       0x96 Core/Src/main.o
 .debug_abbrev  0x0000000000000642      0x150 Core/Src/system_stm32l4xx.o
 .debug_abbrev  0x0000000000000792       0x12 Core/Startup/startup_stm32l476rgtx.o

.debug_aranges  0x0000000000000000      0x1b0
 .debug_aranges
                0x0000000000000000       0x58 Core/Src/LED.o
 .debug_aranges
                0x0000000000000058       0x70 Core/Src/LED_API.o
 .debug_aranges
                0x00000000000000c8       0x20 Core/Src/SysClock.o
 .debug_aranges
                0x00000000000000e8       0x58 Core/Src/UART.o
 .debug_aranges
                0x0000000000000140       0x20 Core/Src/main.o
 .debug_aranges
                0x0000000000000160       0x28 Core/Src/system_stm32l4xx.o
 .debug_aranges
                0x0000000000000188       0x28 Core/Startup/startup_stm32l476rgtx.o

.debug_ranges   0x0000000000000000      0x148
 .debug_ranges  0x0000000000000000       0x48 Core/Src/LED.o
 .debug_ranges  0x0000000000000048       0x60 Core/Src/LED_API.o
 .debug_ranges  0x00000000000000a8       0x10 Core/Src/SysClock.o
 .debug_ranges  0x00000000000000b8       0x48 Core/Src/UART.o
 .debug_ranges  0x0000000000000100       0x10 Core/Src/main.o
 .debug_ranges  0x0000000000000110       0x18 Core/Src/system_stm32l4xx.o
 .debug_ranges  0x0000000000000128       0x20 Core/Startup/startup_stm32l476rgtx.o

.debug_macro    0x0000000000000000    0x1d862
 .debug_macro   0x0000000000000000       0xe1 Core/Src/LED.o
 .debug_macro   0x00000000000000e1      0xa5a Core/Src/LED.o
 .debug_macro   0x0000000000000b3b       0x28 Core/Src/LED.o
 .debug_macro   0x0000000000000b63       0x22 Core/Src/LED.o
 .debug_macro   0x0000000000000b85       0x8e Core/Src/LED.o
 .debug_macro   0x0000000000000c13       0x51 Core/Src/LED.o
 .debug_macro   0x0000000000000c64       0xef Core/Src/LED.o
 .debug_macro   0x0000000000000d53       0x6a Core/Src/LED.o
 .debug_macro   0x0000000000000dbd      0x1df Core/Src/LED.o
 .debug_macro   0x0000000000000f9c       0x1c Core/Src/LED.o
 .debug_macro   0x0000000000000fb8       0x22 Core/Src/LED.o
 .debug_macro   0x0000000000000fda      0x101 Core/Src/LED.o
 .debug_macro   0x00000000000010db     0x1011 Core/Src/LED.o
 .debug_macro   0x00000000000020ec      0x11f Core/Src/LED.o
 .debug_macro   0x000000000000220b    0x1a13d Core/Src/LED.o
 .debug_macro   0x000000000001c348      0x261 Core/Src/LED_API.o
 .debug_macro   0x000000000001c5a9       0x40 Core/Src/LED_API.o
 .debug_macro   0x000000000001c5e9       0x18 Core/Src/LED_API.o
 .debug_macro   0x000000000001c601       0x94 Core/Src/LED_API.o
 .debug_macro   0x000000000001c695       0x3c Core/Src/LED_API.o
 .debug_macro   0x000000000001c6d1       0x34 Core/Src/LED_API.o
 .debug_macro   0x000000000001c705      0x174 Core/Src/LED_API.o
 .debug_macro   0x000000000001c879       0x57 Core/Src/LED_API.o
 .debug_macro   0x000000000001c8d0       0x52 Core/Src/LED_API.o
 .debug_macro   0x000000000001c922       0x1f Core/Src/LED_API.o
 .debug_macro   0x000000000001c941       0x43 Core/Src/LED_API.o
 .debug_macro   0x000000000001c984       0x20 Core/Src/LED_API.o
 .debug_macro   0x000000000001c9a4      0x1a3 Core/Src/LED_API.o
 .debug_macro   0x000000000001cb47      0x330 Core/Src/LED_API.o
 .debug_macro   0x000000000001ce77       0x10 Core/Src/LED_API.o
 .debug_macro   0x000000000001ce87       0x35 Core/Src/LED_API.o
 .debug_macro   0x000000000001cebc       0x20 Core/Src/LED_API.o
 .debug_macro   0x000000000001cedc       0x1c Core/Src/LED_API.o
 .debug_macro   0x000000000001cef8       0x10 Core/Src/LED_API.o
 .debug_macro   0x000000000001cf08       0x10 Core/Src/LED_API.o
 .debug_macro   0x000000000001cf18       0x1c Core/Src/LED_API.o
 .debug_macro   0x000000000001cf34       0x52 Core/Src/LED_API.o
 .debug_macro   0x000000000001cf86       0x40 Core/Src/LED_API.o
 .debug_macro   0x000000000001cfc6       0x10 Core/Src/LED_API.o
 .debug_macro   0x000000000001cfd6       0x40 Core/Src/LED_API.o
 .debug_macro   0x000000000001d016       0xd7 Core/Src/LED_API.o
 .debug_macro   0x000000000001d0ed       0x1c Core/Src/LED_API.o
 .debug_macro   0x000000000001d109       0x3d Core/Src/LED_API.o
 .debug_macro   0x000000000001d146       0x16 Core/Src/LED_API.o
 .debug_macro   0x000000000001d15c      0x145 Core/Src/LED_API.o
 .debug_macro   0x000000000001d2a1       0xfb Core/Src/LED_API.o
 .debug_macro   0x000000000001d39c       0x10 Core/Src/LED_API.o
 .debug_macro   0x000000000001d3ac       0xc9 Core/Src/SysClock.o
 .debug_macro   0x000000000001d475       0xdb Core/Src/UART.o
 .debug_macro   0x000000000001d550       0xef Core/Src/main.o
 .debug_macro   0x000000000001d63f       0x10 Core/Src/main.o
 .debug_macro   0x000000000001d64f      0x1b7 Core/Src/system_stm32l4xx.o
 .debug_macro   0x000000000001d806       0x5c Core/Src/system_stm32l4xx.o

.debug_line     0x0000000000000000     0x224e
 .debug_line    0x0000000000000000      0x4eb Core/Src/LED.o
 .debug_line    0x00000000000004eb      0x793 Core/Src/LED_API.o
 .debug_line    0x0000000000000c7e      0x4ad Core/Src/SysClock.o
 .debug_line    0x000000000000112b      0x559 Core/Src/UART.o
 .debug_line    0x0000000000001684      0x489 Core/Src/main.o
 .debug_line    0x0000000000001b0d      0x6ba Core/Src/system_stm32l4xx.o
 .debug_line    0x00000000000021c7       0x87 Core/Startup/startup_stm32l476rgtx.o

.debug_str      0x0000000000000000    0xe1f8f
 .debug_str     0x0000000000000000    0x9e0a6 Core/Src/LED.o
                                      0x9e24e (size before relaxing)
 .debug_str     0x000000000009e0a6     0x4511 Core/Src/LED_API.o
                                      0xa2630 (size before relaxing)
 .debug_str     0x00000000000a25b7       0x98 Core/Src/SysClock.o
                                      0x9e202 (size before relaxing)
 .debug_str     0x00000000000a264f       0xb5 Core/Src/UART.o
                                      0x9e294 (size before relaxing)
 .debug_str     0x00000000000a2704       0x40 Core/Src/main.o
                                      0x9e094 (size before relaxing)
 .debug_str     0x00000000000a2744    0x3f815 Core/Src/system_stm32l4xx.o
                                      0xddd3a (size before relaxing)
 .debug_str     0x00000000000e1f59       0x36 Core/Startup/startup_stm32l476rgtx.o
                                         0x77 (size before relaxing)

.comment        0x0000000000000000       0x7b
 .comment       0x0000000000000000       0x7b Core/Src/LED.o
                                         0x7c (size before relaxing)
 .comment       0x000000000000007b       0x7c Core/Src/LED_API.o
 .comment       0x000000000000007b       0x7c Core/Src/SysClock.o
 .comment       0x000000000000007b       0x7c Core/Src/UART.o
 .comment       0x000000000000007b       0x7c Core/Src/main.o
 .comment       0x000000000000007b       0x7c Core/Src/system_stm32l4xx.o

.debug_frame    0x0000000000000000      0x4c8
 .debug_frame   0x0000000000000000      0x114 Core/Src/LED.o
 .debug_frame   0x0000000000000114      0x174 Core/Src/LED_API.o
 .debug_frame   0x0000000000000288       0x38 Core/Src/SysClock.o
 .debug_frame   0x00000000000002c0      0x138 Core/Src/UART.o
 .debug_frame   0x00000000000003f8       0x2c Core/Src/main.o
 .debug_frame   0x0000000000000424       0x58 Core/Src/system_stm32l4xx.o
 .debug_frame   0x000000000000047c       0x2c c:/st/stm32cubeide_1.5.1/stm32cubeide/plugins/com.st.stm32cube.ide.mcu.externaltools.gnu-tools-for-stm32.7-2018-q2-update.win32_1.5.0.202011040924/tools/bin/../lib/gcc/arm-none-eabi/7.3.1/../../../../arm-none-eabi/lib/thumb/v7e-m/fpv4-sp/hard\libc_nano.a(lib_a-init.o)
 .debug_frame   0x00000000000004a8       0x20 c:/st/stm32cubeide_1.5.1/stm32cubeide/plugins/com.st.stm32cube.ide.mcu.externaltools.gnu-tools-for-stm32.7-2018-q2-update.win32_1.5.0.202011040924/tools/bin/../lib/gcc/arm-none-eabi/7.3.1/../../../../arm-none-eabi/lib/thumb/v7e-m/fpv4-sp/hard\libc_nano.a(lib_a-strcmp.o)
