17:10:12 **** Build of configuration Debug for project UART LED Part1 ****
make -j8 all 
arm-none-eabi-gcc "../Drivers/STM32L4xx_HAL_Driver/Src/stm32l4xx_hal.c" -mcpu=cortex-m4 -std=gnu11 -g3 -DUSE_HAL_DRIVER -DSTM32L476xx -DDEBUG -c -I../Core/Inc -I../Drivers/STM32L4xx_HAL_Driver/Inc -I../Drivers/STM32L4xx_HAL_Driver/Inc/Legacy -I../Drivers/CMSIS/Device/ST/STM32L4xx/Include -I../Drivers/CMSIS/Include -O0 -ffunction-sections -fdata-sections -Wall -fstack-usage -MMD -MP -MF"Drivers/STM32L4xx_HAL_Driver/Src/stm32l4xx_hal.d" -MT"Drivers/STM32L4xx_HAL_Driver/Src/stm32l4xx_hal.o" --specs=nano.specs -mfpu=fpv4-sp-d16 -mfloat-abi=hard -mthumb -o "Drivers/STM32L4xx_HAL_Driver/Src/stm32l4xx_hal.o"
arm-none-eabi-gcc "../Drivers/STM32L4xx_HAL_Driver/Src/stm32l4xx_hal_cortex.c" -mcpu=cortex-m4 -std=gnu11 -g3 -DUSE_HAL_DRIVER -DSTM32L476xx -DDEBUG -c -I../Core/Inc -I../Drivers/STM32L4xx_HAL_Driver/Inc -I../Drivers/STM32L4xx_HAL_Driver/Inc/Legacy -I../Drivers/CMSIS/Device/ST/STM32L4xx/Include -I../Drivers/CMSIS/Include -O0 -ffunction-sections -fdata-sections -Wall -fstack-usage -MMD -MP -MF"Drivers/STM32L4xx_HAL_Driver/Src/stm32l4xx_hal_cortex.d" -MT"Drivers/STM32L4xx_HAL_Driver/Src/stm32l4xx_hal_cortex.o" --specs=nano.specs -mfpu=fpv4-sp-d16 -mfloat-abi=hard -mthumb -o "Drivers/STM32L4xx_HAL_Driver/Src/stm32l4xx_hal_cortex.o"
arm-none-eabi-gcc "../Drivers/STM32L4xx_HAL_Driver/Src/stm32l4xx_hal_dma.c" -mcpu=cortex-m4 -std=gnu11 -g3 -DUSE_HAL_DRIVER -DSTM32L476xx -DDEBUG -c -I../Core/Inc -I../Drivers/STM32L4xx_HAL_Driver/Inc -I../Drivers/STM32L4xx_HAL_Driver/Inc/Legacy -I../Drivers/CMSIS/Device/ST/STM32L4xx/Include -I../Drivers/CMSIS/Include -O0 -ffunction-sections -fdata-sections -Wall -fstack-usage -MMD -MP -MF"Drivers/STM32L4xx_HAL_Driver/Src/stm32l4xx_hal_dma.d" -MT"Drivers/STM32L4xx_HAL_Driver/Src/stm32l4xx_hal_dma.o" --specs=nano.specs -mfpu=fpv4-sp-d16 -mfloat-abi=hard -mthumb -o "Drivers/STM32L4xx_HAL_Driver/Src/stm32l4xx_hal_dma.o"
arm-none-eabi-gcc "../Drivers/STM32L4xx_HAL_Driver/Src/stm32l4xx_hal_dma_ex.c" -mcpu=cortex-m4 -std=gnu11 -g3 -DUSE_HAL_DRIVER -DSTM32L476xx -DDEBUG -c -I../Core/Inc -I../Drivers/STM32L4xx_HAL_Driver/Inc -I../Drivers/STM32L4xx_HAL_Driver/Inc/Legacy -I../Drivers/CMSIS/Device/ST/STM32L4xx/Include -I../Drivers/CMSIS/Include -O0 -ffunction-sections -fdata-sections -Wall -fstack-usage -MMD -MP -MF"Drivers/STM32L4xx_HAL_Driver/Src/stm32l4xx_hal_dma_ex.d" -MT"Drivers/STM32L4xx_HAL_Driver/Src/stm32l4xx_hal_dma_ex.o" --specs=nano.specs -mfpu=fpv4-sp-d16 -mfloat-abi=hard -mthumb -o "Drivers/STM32L4xx_HAL_Driver/Src/stm32l4xx_hal_dma_ex.o"
arm-none-eabi-gcc "../Drivers/STM32L4xx_HAL_Driver/Src/stm32l4xx_hal_exti.c" -mcpu=cortex-m4 -std=gnu11 -g3 -DUSE_HAL_DRIVER -DSTM32L476xx -DDEBUG -c -I../Core/Inc -I../Drivers/STM32L4xx_HAL_Driver/Inc -I../Drivers/STM32L4xx_HAL_Driver/Inc/Legacy -I../Drivers/CMSIS/Device/ST/STM32L4xx/Include -I../Drivers/CMSIS/Include -O0 -ffunction-sections -fdata-sections -Wall -fstack-usage -MMD -MP -MF"Drivers/STM32L4xx_HAL_Driver/Src/stm32l4xx_hal_exti.d" -MT"Drivers/STM32L4xx_HAL_Driver/Src/stm32l4xx_hal_exti.o" --specs=nano.specs -mfpu=fpv4-sp-d16 -mfloat-abi=hard -mthumb -o "Drivers/STM32L4xx_HAL_Driver/Src/stm32l4xx_hal_exti.o"
arm-none-eabi-gcc "../Drivers/STM32L4xx_HAL_Driver/Src/stm32l4xx_hal_flash.c" -mcpu=cortex-m4 -std=gnu11 -g3 -DUSE_HAL_DRIVER -DSTM32L476xx -DDEBUG -c -I../Core/Inc -I../Drivers/STM32L4xx_HAL_Driver/Inc -I../Drivers/STM32L4xx_HAL_Driver/Inc/Legacy -I../Drivers/CMSIS/Device/ST/STM32L4xx/Include -I../Drivers/CMSIS/Include -O0 -ffunction-sections -fdata-sections -Wall -fstack-usage -MMD -MP -MF"Drivers/STM32L4xx_HAL_Driver/Src/stm32l4xx_hal_flash.d" -MT"Drivers/STM32L4xx_HAL_Driver/Src/stm32l4xx_hal_flash.o" --specs=nano.specs -mfpu=fpv4-sp-d16 -mfloat-abi=hard -mthumb -o "Drivers/STM32L4xx_HAL_Driver/Src/stm32l4xx_hal_flash.o"
arm-none-eabi-gcc "../Drivers/STM32L4xx_HAL_Driver/Src/stm32l4xx_hal_flash_ex.c" -mcpu=cortex-m4 -std=gnu11 -g3 -DUSE_HAL_DRIVER -DSTM32L476xx -DDEBUG -c -I../Core/Inc -I../Drivers/STM32L4xx_HAL_Driver/Inc -I../Drivers/STM32L4xx_HAL_Driver/Inc/Legacy -I../Drivers/CMSIS/Device/ST/STM32L4xx/Include -I../Drivers/CMSIS/Include -O0 -ffunction-sections -fdata-sections -Wall -fstack-usage -MMD -MP -MF"Drivers/STM32L4xx_HAL_Driver/Src/stm32l4xx_hal_flash_ex.d" -MT"Drivers/STM32L4xx_HAL_Driver/Src/stm32l4xx_hal_flash_ex.o" --specs=nano.specs -mfpu=fpv4-sp-d16 -mfloat-abi=hard -mthumb -o "Drivers/STM32L4xx_HAL_Driver/Src/stm32l4xx_hal_flash_ex.o"
arm-none-eabi-gcc "../Drivers/STM32L4xx_HAL_Driver/Src/stm32l4xx_hal_flash_ramfunc.c" -mcpu=cortex-m4 -std=gnu11 -g3 -DUSE_HAL_DRIVER -DSTM32L476xx -DDEBUG -c -I../Core/Inc -I../Drivers/STM32L4xx_HAL_Driver/Inc -I../Drivers/STM32L4xx_HAL_Driver/Inc/Legacy -I../Drivers/CMSIS/Device/ST/STM32L4xx/Include -I../Drivers/CMSIS/Include -O0 -ffunction-sections -fdata-sections -Wall -fstack-usage -MMD -MP -MF"Drivers/STM32L4xx_HAL_Driver/Src/stm32l4xx_hal_flash_ramfunc.d" -MT"Drivers/STM32L4xx_HAL_Driver/Src/stm32l4xx_hal_flash_ramfunc.o" --specs=nano.specs -mfpu=fpv4-sp-d16 -mfloat-abi=hard -mthumb -o "Drivers/STM32L4xx_HAL_Driver/Src/stm32l4xx_hal_flash_ramfunc.o"
arm-none-eabi-gcc "../Drivers/STM32L4xx_HAL_Driver/Src/stm32l4xx_hal_gpio.c" -mcpu=cortex-m4 -std=gnu11 -g3 -DUSE_HAL_DRIVER -DSTM32L476xx -DDEBUG -c -I../Core/Inc -I../Drivers/STM32L4xx_HAL_Driver/Inc -I../Drivers/STM32L4xx_HAL_Driver/Inc/Legacy -I../Drivers/CMSIS/Device/ST/STM32L4xx/Include -I../Drivers/CMSIS/Include -O0 -ffunction-sections -fdata-sections -Wall -fstack-usage -MMD -MP -MF"Drivers/STM32L4xx_HAL_Driver/Src/stm32l4xx_hal_gpio.d" -MT"Drivers/STM32L4xx_HAL_Driver/Src/stm32l4xx_hal_gpio.o" --specs=nano.specs -mfpu=fpv4-sp-d16 -mfloat-abi=hard -mthumb -o "Drivers/STM32L4xx_HAL_Driver/Src/stm32l4xx_hal_gpio.o"
arm-none-eabi-gcc "../Drivers/STM32L4xx_HAL_Driver/Src/stm32l4xx_hal_i2c.c" -mcpu=cortex-m4 -std=gnu11 -g3 -DUSE_HAL_DRIVER -DSTM32L476xx -DDEBUG -c -I../Core/Inc -I../Drivers/STM32L4xx_HAL_Driver/Inc -I../Drivers/STM32L4xx_HAL_Driver/Inc/Legacy -I../Drivers/CMSIS/Device/ST/STM32L4xx/Include -I../Drivers/CMSIS/Include -O0 -ffunction-sections -fdata-sections -Wall -fstack-usage -MMD -MP -MF"Drivers/STM32L4xx_HAL_Driver/Src/stm32l4xx_hal_i2c.d" -MT"Drivers/STM32L4xx_HAL_Driver/Src/stm32l4xx_hal_i2c.o" --specs=nano.specs -mfpu=fpv4-sp-d16 -mfloat-abi=hard -mthumb -o "Drivers/STM32L4xx_HAL_Driver/Src/stm32l4xx_hal_i2c.o"
arm-none-eabi-gcc "../Drivers/STM32L4xx_HAL_Driver/Src/stm32l4xx_hal_i2c_ex.c" -mcpu=cortex-m4 -std=gnu11 -g3 -DUSE_HAL_DRIVER -DSTM32L476xx -DDEBUG -c -I../Core/Inc -I../Drivers/STM32L4xx_HAL_Driver/Inc -I../Drivers/STM32L4xx_HAL_Driver/Inc/Legacy -I../Drivers/CMSIS/Device/ST/STM32L4xx/Include -I../Drivers/CMSIS/Include -O0 -ffunction-sections -fdata-sections -Wall -fstack-usage -MMD -MP -MF"Drivers/STM32L4xx_HAL_Driver/Src/stm32l4xx_hal_i2c_ex.d" -MT"Drivers/STM32L4xx_HAL_Driver/Src/stm32l4xx_hal_i2c_ex.o" --specs=nano.specs -mfpu=fpv4-sp-d16 -mfloat-abi=hard -mthumb -o "Drivers/STM32L4xx_HAL_Driver/Src/stm32l4xx_hal_i2c_ex.o"
arm-none-eabi-gcc "../Drivers/STM32L4xx_HAL_Driver/Src/stm32l4xx_hal_pwr.c" -mcpu=cortex-m4 -std=gnu11 -g3 -DUSE_HAL_DRIVER -DSTM32L476xx -DDEBUG -c -I../Core/Inc -I../Drivers/STM32L4xx_HAL_Driver/Inc -I../Drivers/STM32L4xx_HAL_Driver/Inc/Legacy -I../Drivers/CMSIS/Device/ST/STM32L4xx/Include -I../Drivers/CMSIS/Include -O0 -ffunction-sections -fdata-sections -Wall -fstack-usage -MMD -MP -MF"Drivers/STM32L4xx_HAL_Driver/Src/stm32l4xx_hal_pwr.d" -MT"Drivers/STM32L4xx_HAL_Driver/Src/stm32l4xx_hal_pwr.o" --specs=nano.specs -mfpu=fpv4-sp-d16 -mfloat-abi=hard -mthumb -o "Drivers/STM32L4xx_HAL_Driver/Src/stm32l4xx_hal_pwr.o"
arm-none-eabi-gcc "../Drivers/STM32L4xx_HAL_Driver/Src/stm32l4xx_hal_pwr_ex.c" -mcpu=cortex-m4 -std=gnu11 -g3 -DUSE_HAL_DRIVER -DSTM32L476xx -DDEBUG -c -I../Core/Inc -I../Drivers/STM32L4xx_HAL_Driver/Inc -I../Drivers/STM32L4xx_HAL_Driver/Inc/Legacy -I../Drivers/CMSIS/Device/ST/STM32L4xx/Include -I../Drivers/CMSIS/Include -O0 -ffunction-sections -fdata-sections -Wall -fstack-usage -MMD -MP -MF"Drivers/STM32L4xx_HAL_Driver/Src/stm32l4xx_hal_pwr_ex.d" -MT"Drivers/STM32L4xx_HAL_Driver/Src/stm32l4xx_hal_pwr_ex.o" --specs=nano.specs -mfpu=fpv4-sp-d16 -mfloat-abi=hard -mthumb -o "Drivers/STM32L4xx_HAL_Driver/Src/stm32l4xx_hal_pwr_ex.o"
arm-none-eabi-gcc "../Drivers/STM32L4xx_HAL_Driver/Src/stm32l4xx_hal_rcc.c" -mcpu=cortex-m4 -std=gnu11 -g3 -DUSE_HAL_DRIVER -DSTM32L476xx -DDEBUG -c -I../Core/Inc -I../Drivers/STM32L4xx_HAL_Driver/Inc -I../Drivers/STM32L4xx_HAL_Driver/Inc/Legacy -I../Drivers/CMSIS/Device/ST/STM32L4xx/Include -I../Drivers/CMSIS/Include -O0 -ffunction-sections -fdata-sections -Wall -fstack-usage -MMD -MP -MF"Drivers/STM32L4xx_HAL_Driver/Src/stm32l4xx_hal_rcc.d" -MT"Drivers/STM32L4xx_HAL_Driver/Src/stm32l4xx_hal_rcc.o" --specs=nano.specs -mfpu=fpv4-sp-d16 -mfloat-abi=hard -mthumb -o "Drivers/STM32L4xx_HAL_Driver/Src/stm32l4xx_hal_rcc.o"
arm-none-eabi-gcc "../Drivers/STM32L4xx_HAL_Driver/Src/stm32l4xx_hal_rcc_ex.c" -mcpu=cortex-m4 -std=gnu11 -g3 -DUSE_HAL_DRIVER -DSTM32L476xx -DDEBUG -c -I../Core/Inc -I../Drivers/STM32L4xx_HAL_Driver/Inc -I../Drivers/STM32L4xx_HAL_Driver/Inc/Legacy -I../Drivers/CMSIS/Device/ST/STM32L4xx/Include -I../Drivers/CMSIS/Include -O0 -ffunction-sections -fdata-sections -Wall -fstack-usage -MMD -MP -MF"Drivers/STM32L4xx_HAL_Driver/Src/stm32l4xx_hal_rcc_ex.d" -MT"Drivers/STM32L4xx_HAL_Driver/Src/stm32l4xx_hal_rcc_ex.o" --specs=nano.specs -mfpu=fpv4-sp-d16 -mfloat-abi=hard -mthumb -o "Drivers/STM32L4xx_HAL_Driver/Src/stm32l4xx_hal_rcc_ex.o"
arm-none-eabi-gcc "../Drivers/STM32L4xx_HAL_Driver/Src/stm32l4xx_hal_tim.c" -mcpu=cortex-m4 -std=gnu11 -g3 -DUSE_HAL_DRIVER -DSTM32L476xx -DDEBUG -c -I../Core/Inc -I../Drivers/STM32L4xx_HAL_Driver/Inc -I../Drivers/STM32L4xx_HAL_Driver/Inc/Legacy -I../Drivers/CMSIS/Device/ST/STM32L4xx/Include -I../Drivers/CMSIS/Include -O0 -ffunction-sections -fdata-sections -Wall -fstack-usage -MMD -MP -MF"Drivers/STM32L4xx_HAL_Driver/Src/stm32l4xx_hal_tim.d" -MT"Drivers/STM32L4xx_HAL_Driver/Src/stm32l4xx_hal_tim.o" --specs=nano.specs -mfpu=fpv4-sp-d16 -mfloat-abi=hard -mthumb -o "Drivers/STM32L4xx_HAL_Driver/Src/stm32l4xx_hal_tim.o"
arm-none-eabi-gcc "../Drivers/STM32L4xx_HAL_Driver/Src/stm32l4xx_hal_tim_ex.c" -mcpu=cortex-m4 -std=gnu11 -g3 -DUSE_HAL_DRIVER -DSTM32L476xx -DDEBUG -c -I../Core/Inc -I../Drivers/STM32L4xx_HAL_Driver/Inc -I../Drivers/STM32L4xx_HAL_Driver/Inc/Legacy -I../Drivers/CMSIS/Device/ST/STM32L4xx/Include -I../Drivers/CMSIS/Include -O0 -ffunction-sections -fdata-sections -Wall -fstack-usage -MMD -MP -MF"Drivers/STM32L4xx_HAL_Driver/Src/stm32l4xx_hal_tim_ex.d" -MT"Drivers/STM32L4xx_HAL_Driver/Src/stm32l4xx_hal_tim_ex.o" --specs=nano.specs -mfpu=fpv4-sp-d16 -mfloat-abi=hard -mthumb -o "Drivers/STM32L4xx_HAL_Driver/Src/stm32l4xx_hal_tim_ex.o"
arm-none-eabi-gcc -mcpu=cortex-m4 -g3 -c -x assembler-with-cpp -MMD -MP -MF"Core/Startup/startup_stm32l476rgtx.d" -MT"Core/Startup/startup_stm32l476rgtx.o" --specs=nano.specs -mfpu=fpv4-sp-d16 -mfloat-abi=hard -mthumb -o "Core/Startup/startup_stm32l476rgtx.o" "../Core/Startup/startup_stm32l476rgtx.s"
arm-none-eabi-gcc "../Core/Src/LED.c" -mcpu=cortex-m4 -std=gnu11 -g3 -DUSE_HAL_DRIVER -DSTM32L476xx -DDEBUG -c -I../Core/Inc -I../Drivers/STM32L4xx_HAL_Driver/Inc -I../Drivers/STM32L4xx_HAL_Driver/Inc/Legacy -I../Drivers/CMSIS/Device/ST/STM32L4xx/Include -I../Drivers/CMSIS/Include -O0 -ffunction-sections -fdata-sections -Wall -fstack-usage -MMD -MP -MF"Core/Src/LED.d" -MT"Core/Src/LED.o" --specs=nano.specs -mfpu=fpv4-sp-d16 -mfloat-abi=hard -mthumb -o "Core/Src/LED.o"
arm-none-eabi-gcc "../Core/Src/LED_API.c" -mcpu=cortex-m4 -std=gnu11 -g3 -DUSE_HAL_DRIVER -DSTM32L476xx -DDEBUG -c -I../Core/Inc -I../Drivers/STM32L4xx_HAL_Driver/Inc -I../Drivers/STM32L4xx_HAL_Driver/Inc/Legacy -I../Drivers/CMSIS/Device/ST/STM32L4xx/Include -I../Drivers/CMSIS/Include -O0 -ffunction-sections -fdata-sections -Wall -fstack-usage -MMD -MP -MF"Core/Src/LED_API.d" -MT"Core/Src/LED_API.o" --specs=nano.specs -mfpu=fpv4-sp-d16 -mfloat-abi=hard -mthumb -o "Core/Src/LED_API.o"
arm-none-eabi-gcc "../Core/Src/SysClock.c" -mcpu=cortex-m4 -std=gnu11 -g3 -DUSE_HAL_DRIVER -DSTM32L476xx -DDEBUG -c -I../Core/Inc -I../Drivers/STM32L4xx_HAL_Driver/Inc -I../Drivers/STM32L4xx_HAL_Driver/Inc/Legacy -I../Drivers/CMSIS/Device/ST/STM32L4xx/Include -I../Drivers/CMSIS/Include -O0 -ffunction-sections -fdata-sections -Wall -fstack-usage -MMD -MP -MF"Core/Src/SysClock.d" -MT"Core/Src/SysClock.o" --specs=nano.specs -mfpu=fpv4-sp-d16 -mfloat-abi=hard -mthumb -o "Core/Src/SysClock.o"
arm-none-eabi-gcc "../Core/Src/UART.c" -mcpu=cortex-m4 -std=gnu11 -g3 -DUSE_HAL_DRIVER -DSTM32L476xx -DDEBUG -c -I../Core/Inc -I../Drivers/STM32L4xx_HAL_Driver/Inc -I../Drivers/STM32L4xx_HAL_Driver/Inc/Legacy -I../Drivers/CMSIS/Device/ST/STM32L4xx/Include -I../Drivers/CMSIS/Include -O0 -ffunction-sections -fdata-sections -Wall -fstack-usage -MMD -MP -MF"Core/Src/UART.d" -MT"Core/Src/UART.o" --specs=nano.specs -mfpu=fpv4-sp-d16 -mfloat-abi=hard -mthumb -o "Core/Src/UART.o"
arm-none-eabi-gcc "../Core/Src/demo.c" -mcpu=cortex-m4 -std=gnu11 -g3 -DUSE_HAL_DRIVER -DSTM32L476xx -DDEBUG -c -I../Core/Inc -I../Drivers/STM32L4xx_HAL_Driver/Inc -I../Drivers/STM32L4xx_HAL_Driver/Inc/Legacy -I../Drivers/CMSIS/Device/ST/STM32L4xx/Include -I../Drivers/CMSIS/Include -O0 -ffunction-sections -fdata-sections -Wall -fstack-usage -MMD -MP -MF"Core/Src/demo.d" -MT"Core/Src/demo.o" --specs=nano.specs -mfpu=fpv4-sp-d16 -mfloat-abi=hard -mthumb -o "Core/Src/demo.o"
arm-none-eabi-gcc "../Core/Src/main.c" -mcpu=cortex-m4 -std=gnu11 -g3 -DUSE_HAL_DRIVER -DSTM32L476xx -DDEBUG -c -I../Core/Inc -I../Drivers/STM32L4xx_HAL_Driver/Inc -I../Drivers/STM32L4xx_HAL_Driver/Inc/Legacy -I../Drivers/CMSIS/Device/ST/STM32L4xx/Include -I../Drivers/CMSIS/Include -O0 -ffunction-sections -fdata-sections -Wall -fstack-usage -MMD -MP -MF"Core/Src/main.d" -MT"Core/Src/main.o" --specs=nano.specs -mfpu=fpv4-sp-d16 -mfloat-abi=hard -mthumb -o "Core/Src/main.o"
arm-none-eabi-gcc "../Core/Src/syscalls.c" -mcpu=cortex-m4 -std=gnu11 -g3 -DUSE_HAL_DRIVER -DSTM32L476xx -DDEBUG -c -I../Core/Inc -I../Drivers/STM32L4xx_HAL_Driver/Inc -I../Drivers/STM32L4xx_HAL_Driver/Inc/Legacy -I../Drivers/CMSIS/Device/ST/STM32L4xx/Include -I../Drivers/CMSIS/Include -O0 -ffunction-sections -fdata-sections -Wall -fstack-usage -MMD -MP -MF"Core/Src/syscalls.d" -MT"Core/Src/syscalls.o" --specs=nano.specs -mfpu=fpv4-sp-d16 -mfloat-abi=hard -mthumb -o "Core/Src/syscalls.o"
../Core/Src/LED_API.c: In function 'delay_systick':
../Core/Src/LED_API.c:37:38: warning: logical not is only applied to the left hand side of comparison [-Wlogical-not-parentheses]
  while(! ( SysTick->CTRL & 0x10000 ) == 1 );
                                      ^~
../Core/Src/LED_API.c:37:8: note: add parentheses around left hand side expression to silence this warning
  while(! ( SysTick->CTRL & 0x10000 ) == 1 );
        ^~~~~~~~~~~~~~~~~~~~~~~~~~~~~
        (                            )
At top level:
../Core/Src/LED_API.c:93:13: warning: 'FLASHOFF' defined but not used [-Wunused-function]
 static void FLASHOFF(){
             ^~~~~~~~
../Core/Src/LED_API.c:89:13: warning: 'GFLASH' defined but not used [-Wunused-function]
 static void GFLASH(){
             ^~~~~~
../Core/Src/LED_API.c:85:13: warning: 'RFLASH' defined but not used [-Wunused-function]
 static void RFLASH(){
             ^~~~~~
../Core/Src/LED_API.c:82:13: warning: 'RON' defined but not used [-Wunused-function]
 static void RON(){
             ^~~
../Core/Src/LED_API.c:32:13: warning: 'delay_systick' defined but not used [-Wunused-function]
 static void delay_systick()
             ^~~~~~~~~~~~~
../Core/Src/demo.c:18:16: warning: 'one_second_elapsed' defined but not used [-Wunused-variable]
 static uint8_t one_second_elapsed;
                ^~~~~~~~~~~~~~~~~~
arm-none-eabi-gcc "../Core/Src/sysmem.c" -mcpu=cortex-m4 -std=gnu11 -g3 -DUSE_HAL_DRIVER -DSTM32L476xx -DDEBUG -c -I../Core/Inc -I../Drivers/STM32L4xx_HAL_Driver/Inc -I../Drivers/STM32L4xx_HAL_Driver/Inc/Legacy -I../Drivers/CMSIS/Device/ST/STM32L4xx/Include -I../Drivers/CMSIS/Include -O0 -ffunction-sections -fdata-sections -Wall -fstack-usage -MMD -MP -MF"Core/Src/sysmem.d" -MT"Core/Src/sysmem.o" --specs=nano.specs -mfpu=fpv4-sp-d16 -mfloat-abi=hard -mthumb -o "Core/Src/sysmem.o"
arm-none-eabi-gcc "../Core/Src/system_stm32l4xx.c" -mcpu=cortex-m4 -std=gnu11 -g3 -DUSE_HAL_DRIVER -DSTM32L476xx -DDEBUG -c -I../Core/Inc -I../Drivers/STM32L4xx_HAL_Driver/Inc -I../Drivers/STM32L4xx_HAL_Driver/Inc/Legacy -I../Drivers/CMSIS/Device/ST/STM32L4xx/Include -I../Drivers/CMSIS/Include -O0 -ffunction-sections -fdata-sections -Wall -fstack-usage -MMD -MP -MF"Core/Src/system_stm32l4xx.d" -MT"Core/Src/system_stm32l4xx.o" --specs=nano.specs -mfpu=fpv4-sp-d16 -mfloat-abi=hard -mthumb -o "Core/Src/system_stm32l4xx.o"
arm-none-eabi-gcc -o "UART LED Part1.elf" @"objects.list"   -mcpu=cortex-m4 -T"C:\Users\bendr\STM32CubeIDE\workspace_1.5.1\UART LED Part1\STM32L476RGTX_FLASH.ld" --specs=nosys.specs -Wl,-Map="UART LED Part1.map" -Wl,--gc-sections -static --specs=nano.specs -mfpu=fpv4-sp-d16 -mfloat-abi=hard -mthumb -Wl,--start-group -lc -lm -Wl,--end-group
Finished building target: UART LED Part1.elf
 
arm-none-eabi-size   UART\ LED\ Part1.elf 
arm-none-eabi-objdump -h -S  UART\ LED\ Part1.elf  > "UART LED Part1.list"
arm-none-eabi-objcopy  -O binary  UART\ LED\ Part1.elf  "UART LED Part1.bin"
   text	   data	    bss	    dec	    hex	filename
   3352	      8	   1576	   4936	   1348	UART LED Part1.elf
Finished building: default.size.stdout
 
Finished building: UART LED Part1.bin
Finished building: UART LED Part1.list
 
 
17:10:21 **** Incremental Build of configuration Debug for project UART LED Part1 ****
make -j8 all 
arm-none-eabi-size   UART\ LED\ Part1.elf 
   text	   data	    bss	    dec	    hex	filename
   3352	      8	   1576	   4936	   1348	UART LED Part1.elf
Finished building: default.size.stdout
 
23:52:05 **** Incremental Build of configuration Debug for project UART LED Part1 ****
make -j8 all 
arm-none-eabi-gcc "../Core/Src/LED_API.c" -mcpu=cortex-m4 -std=gnu11 -g3 -DUSE_HAL_DRIVER -DSTM32L476xx -DDEBUG -c -I../Core/Inc -I../Drivers/STM32L4xx_HAL_Driver/Inc -I../Drivers/STM32L4xx_HAL_Driver/Inc/Legacy -I../Drivers/CMSIS/Device/ST/STM32L4xx/Include -I../Drivers/CMSIS/Include -O0 -ffunction-sections -fdata-sections -Wall -fstack-usage -MMD -MP -MF"Core/Src/LED_API.d" -MT"Core/Src/LED_API.o" --specs=nano.specs -mfpu=fpv4-sp-d16 -mfloat-abi=hard -mthumb -o "Core/Src/LED_API.o"
../Core/Src/LED_API.c: In function 'delay_systick':
../Core/Src/LED_API.c:42:38: warning: logical not is only applied to the left hand side of comparison [-Wlogical-not-parentheses]
  while(! ( SysTick->CTRL & 0x10000 ) == 1 );
                                      ^~
../Core/Src/LED_API.c:42:8: note: add parentheses around left hand side expression to silence this warning
  while(! ( SysTick->CTRL & 0x10000 ) == 1 );
        ^~~~~~~~~~~~~~~~~~~~~~~~~~~~~
        (                            )
../Core/Src/LED_API.c: In function 'UpdateApiCheck':
../Core/Src/LED_API.c:167:4: warning: implicit declaration of function 'toggle_lines'; did you mean 'toggle_flashing'? [-Wimplicit-function-declaration]
    toggle_lines(); // flip led thats on to off, and vice versa
    ^~~~~~~~~~~~
    toggle_flashing
../Core/Src/LED_API.c:170:38: warning: statement with no effect [-Wunused-value]
    alternator == 0 ? alternator == 1 : alternator == 0; //oooh fancy if else statement ;)
    ~~~~~~~~~~~~~~~~~~~~~~~~~~~~~~~~~~^~~~~~~~~~~~~~~~~
At top level:
../Core/Src/LED_API.c:104:13: warning: 'start_green' defined but not used [-Wunused-function]
 static void start_green(){
             ^~~~~~~~~~~
../Core/Src/LED_API.c:96:13: warning: 'start_red' defined but not used [-Wunused-function]
 static void start_red(){
             ^~~~~~~~~
../Core/Src/LED_API.c:87:13: warning: 'toggle_flashing' defined but not used [-Wunused-function]
 static void toggle_flashing(){
             ^~~~~~~~~~~~~~~
../Core/Src/LED_API.c:37:13: warning: 'delay_systick' defined but not used [-Wunused-function]
 static void delay_systick()
             ^~~~~~~~~~~~~
arm-none-eabi-gcc -o "UART LED Part1.elf" @"objects.list"   -mcpu=cortex-m4 -T"C:\Users\bendr\STM32CubeIDE\workspace_1.5.1\UART LED Part1\STM32L476RGTX_FLASH.ld" --specs=nosys.specs -Wl,-Map="UART LED Part1.map" -Wl,--gc-sections -static --specs=nano.specs -mfpu=fpv4-sp-d16 -mfloat-abi=hard -mthumb -Wl,--start-group -lc -lm -Wl,--end-group
Core/Src/LED_API.o: In function `UpdateApiCheck':
C:/Users/bendr/STM32CubeIDE/workspace_1.5.1/UART LED Part1/Debug/../Core/Src/LED_API.c:167: undefined reference to `toggle_lines'
collect2.exe: error: ld returned 1 exit status
make: *** [makefile:58: UART LED Part1.elf] Error 1
"make -j8 all" terminated with exit code 2. Build might be incomplete.
23:52:27 **** Incremental Build of configuration Debug for project UART LED Part1 ****
make -j8 all 
arm-none-eabi-gcc "../Core/Src/LED_API.c" -mcpu=cortex-m4 -std=gnu11 -g3 -DUSE_HAL_DRIVER -DSTM32L476xx -DDEBUG -c -I../Core/Inc -I../Drivers/STM32L4xx_HAL_Driver/Inc -I../Drivers/STM32L4xx_HAL_Driver/Inc/Legacy -I../Drivers/CMSIS/Device/ST/STM32L4xx/Include -I../Drivers/CMSIS/Include -O0 -ffunction-sections -fdata-sections -Wall -fstack-usage -MMD -MP -MF"Core/Src/LED_API.d" -MT"Core/Src/LED_API.o" --specs=nano.specs -mfpu=fpv4-sp-d16 -mfloat-abi=hard -mthumb -o "Core/Src/LED_API.o"
../Core/Src/LED_API.c: In function 'delay_systick':
../Core/Src/LED_API.c:42:38: warning: logical not is only applied to the left hand side of comparison [-Wlogical-not-parentheses]
  while(! ( SysTick->CTRL & 0x10000 ) == 1 );
                                      ^~
../Core/Src/LED_API.c:42:8: note: add parentheses around left hand side expression to silence this warning
  while(! ( SysTick->CTRL & 0x10000 ) == 1 );
        ^~~~~~~~~~~~~~~~~~~~~~~~~~~~~
        (                            )
../Core/Src/LED_API.c: In function 'UpdateApiCheck':
../Core/Src/LED_API.c:170:38: warning: statement with no effect [-Wunused-value]
    alternator == 0 ? alternator == 1 : alternator == 0; //oooh fancy if else statement ;)
    ~~~~~~~~~~~~~~~~~~~~~~~~~~~~~~~~~~^~~~~~~~~~~~~~~~~
At top level:
../Core/Src/LED_API.c:104:13: warning: 'start_green' defined but not used [-Wunused-function]
 static void start_green(){
             ^~~~~~~~~~~
../Core/Src/LED_API.c:96:13: warning: 'start_red' defined but not used [-Wunused-function]
 static void start_red(){
             ^~~~~~~~~
../Core/Src/LED_API.c:37:13: warning: 'delay_systick' defined but not used [-Wunused-function]
 static void delay_systick()
             ^~~~~~~~~~~~~
arm-none-eabi-gcc -o "UART LED Part1.elf" @"objects.list"   -mcpu=cortex-m4 -T"C:\Users\bendr\STM32CubeIDE\workspace_1.5.1\UART LED Part1\STM32L476RGTX_FLASH.ld" --specs=nosys.specs -Wl,-Map="UART LED Part1.map" -Wl,--gc-sections -static --specs=nano.specs -mfpu=fpv4-sp-d16 -mfloat-abi=hard -mthumb -Wl,--start-group -lc -lm -Wl,--end-group
Finished building target: UART LED Part1.elf
 
arm-none-eabi-objdump -h -S  UART\ LED\ Part1.elf  > "UART LED Part1.list"
arm-none-eabi-objcopy  -O binary  UART\ LED\ Part1.elf  "UART LED Part1.bin"
arm-none-eabi-size   UART\ LED\ Part1.elf 
   text	   data	    bss	    dec	    hex	filename
   3520	      8	   1576	   5104	   13f0	UART LED Part1.elf
Finished building: default.size.stdout
 
Finished building: UART LED Part1.bin
 
Finished building: UART LED Part1.list
 
23:52:38 **** Incremental Build of configuration Debug for project UART LED Part1 ****
make -j8 all 
arm-none-eabi-size   UART\ LED\ Part1.elf 
   text	   data	    bss	    dec	    hex	filename
   3520	      8	   1576	   5104	   13f0	UART LED Part1.elf
Finished building: default.size.stdout
 
00:00:28 **** Incremental Build of configuration Debug for project UART LED Part1 ****
make -j8 all 
arm-none-eabi-gcc "../Core/Src/LED_API.c" -mcpu=cortex-m4 -std=gnu11 -g3 -DUSE_HAL_DRIVER -DSTM32L476xx -DDEBUG -c -I../Core/Inc -I../Drivers/STM32L4xx_HAL_Driver/Inc -I../Drivers/STM32L4xx_HAL_Driver/Inc/Legacy -I../Drivers/CMSIS/Device/ST/STM32L4xx/Include -I../Drivers/CMSIS/Include -O0 -ffunction-sections -fdata-sections -Wall -fstack-usage -MMD -MP -MF"Core/Src/LED_API.d" -MT"Core/Src/LED_API.o" --specs=nano.specs -mfpu=fpv4-sp-d16 -mfloat-abi=hard -mthumb -o "Core/Src/LED_API.o"
../Core/Src/LED_API.c: In function 'delay_systick':
../Core/Src/LED_API.c:42:38: warning: logical not is only applied to the left hand side of comparison [-Wlogical-not-parentheses]
  while(! ( SysTick->CTRL & 0x10000 ) == 1 );
                                      ^~
../Core/Src/LED_API.c:42:8: note: add parentheses around left hand side expression to silence this warning
  while(! ( SysTick->CTRL & 0x10000 ) == 1 );
        ^~~~~~~~~~~~~~~~~~~~~~~~~~~~~
        (                            )
../Core/Src/LED_API.c: In function 'UpdateApiCheck':
../Core/Src/LED_API.c:177:38: warning: statement with no effect [-Wunused-value]
    alternator == 0 ? alternator == 1 : alternator == 0; //oooh fancy if else statement ;)
    ~~~~~~~~~~~~~~~~~~~~~~~~~~~~~~~~~~^~~~~~~~~~~~~~~~~
At top level:
../Core/Src/LED_API.c:111:13: warning: 'start_green' defined but not used [-Wunused-function]
 static void start_green(){
             ^~~~~~~~~~~
../Core/Src/LED_API.c:103:13: warning: 'start_red' defined but not used [-Wunused-function]
 static void start_red(){
             ^~~~~~~~~
arm-none-eabi-gcc -o "UART LED Part1.elf" @"objects.list"   -mcpu=cortex-m4 -T"C:\Users\bendr\STM32CubeIDE\workspace_1.5.1\UART LED Part1\STM32L476RGTX_FLASH.ld" --specs=nosys.specs -Wl,-Map="UART LED Part1.map" -Wl,--gc-sections -static --specs=nano.specs -mfpu=fpv4-sp-d16 -mfloat-abi=hard -mthumb -Wl,--start-group -lc -lm -Wl,--end-group
Finished building target: UART LED Part1.elf
 
arm-none-eabi-objdump -h -S  UART\ LED\ Part1.elf  > "UART LED Part1.list"
arm-none-eabi-objcopy  -O binary  UART\ LED\ Part1.elf  "UART LED Part1.bin"
arm-none-eabi-size   UART\ LED\ Part1.elf 
   text	   data	    bss	    dec	    hex	filename
   3584	      8	   1576	   5168	   1430	UART LED Part1.elf
Finished building: default.size.stdout
 
Finished building: UART LED Part1.bin
Finished building: UART LED Part1.list
 
 
00:01:52 **** Incremental Build of configuration Debug for project UART LED Part1 ****
make -j8 all 
arm-none-eabi-gcc "../Core/Src/LED_API.c" -mcpu=cortex-m4 -std=gnu11 -g3 -DUSE_HAL_DRIVER -DSTM32L476xx -DDEBUG -c -I../Core/Inc -I../Drivers/STM32L4xx_HAL_Driver/Inc -I../Drivers/STM32L4xx_HAL_Driver/Inc/Legacy -I../Drivers/CMSIS/Device/ST/STM32L4xx/Include -I../Drivers/CMSIS/Include -O0 -ffunction-sections -fdata-sections -Wall -fstack-usage -MMD -MP -MF"Core/Src/LED_API.d" -MT"Core/Src/LED_API.o" --specs=nano.specs -mfpu=fpv4-sp-d16 -mfloat-abi=hard -mthumb -o "Core/Src/LED_API.o"
../Core/Src/LED_API.c: In function 'delay_systick':
../Core/Src/LED_API.c:42:38: warning: logical not is only applied to the left hand side of comparison [-Wlogical-not-parentheses]
  while(! ( SysTick->CTRL & 0x10000 ) == 1 );
                                      ^~
../Core/Src/LED_API.c:42:8: note: add parentheses around left hand side expression to silence this warning
  while(! ( SysTick->CTRL & 0x10000 ) == 1 );
        ^~~~~~~~~~~~~~~~~~~~~~~~~~~~~
        (                            )
../Core/Src/LED_API.c: In function 'UpdateApiCheck':
../Core/Src/LED_API.c:177:50: error: lvalue required as left operand of assignment
    alternator == 0 ? alternator = 1 : alternator = 0; //oooh fancy if else statement ;)
                                                  ^
make: *** [Core/Src/subdir.mk:44: Core/Src/LED_API.o] Error 1
"make -j8 all" terminated with exit code 2. Build might be incomplete.
00:02:30 **** Incremental Build of configuration Debug for project UART LED Part1 ****
make -j8 all 
arm-none-eabi-gcc "../Core/Src/LED_API.c" -mcpu=cortex-m4 -std=gnu11 -g3 -DUSE_HAL_DRIVER -DSTM32L476xx -DDEBUG -c -I../Core/Inc -I../Drivers/STM32L4xx_HAL_Driver/Inc -I../Drivers/STM32L4xx_HAL_Driver/Inc/Legacy -I../Drivers/CMSIS/Device/ST/STM32L4xx/Include -I../Drivers/CMSIS/Include -O0 -ffunction-sections -fdata-sections -Wall -fstack-usage -MMD -MP -MF"Core/Src/LED_API.d" -MT"Core/Src/LED_API.o" --specs=nano.specs -mfpu=fpv4-sp-d16 -mfloat-abi=hard -mthumb -o "Core/Src/LED_API.o"
../Core/Src/LED_API.c: In function 'delay_systick':
../Core/Src/LED_API.c:42:38: warning: logical not is only applied to the left hand side of comparison [-Wlogical-not-parentheses]
  while(! ( SysTick->CTRL & 0x10000 ) == 1 );
                                      ^~
../Core/Src/LED_API.c:42:8: note: add parentheses around left hand side expression to silence this warning
  while(! ( SysTick->CTRL & 0x10000 ) == 1 );
        ^~~~~~~~~~~~~~~~~~~~~~~~~~~~~
        (                            )
../Core/Src/LED_API.c: In function 'UpdateApiCheck':
../Core/Src/LED_API.c:177:36: error: expected ':' before ';' token
    alternator == 0 ? alternator = 1; //oooh fancy if else statement ;)
                                    ^
make: *** [Core/Src/subdir.mk:44: Core/Src/LED_API.o] Error 1
"make -j8 all" terminated with exit code 2. Build might be incomplete.
00:03:37 **** Incremental Build of configuration Debug for project UART LED Part1 ****
make -j8 all 
arm-none-eabi-gcc "../Core/Src/LED_API.c" -mcpu=cortex-m4 -std=gnu11 -g3 -DUSE_HAL_DRIVER -DSTM32L476xx -DDEBUG -c -I../Core/Inc -I../Drivers/STM32L4xx_HAL_Driver/Inc -I../Drivers/STM32L4xx_HAL_Driver/Inc/Legacy -I../Drivers/CMSIS/Device/ST/STM32L4xx/Include -I../Drivers/CMSIS/Include -O0 -ffunction-sections -fdata-sections -Wall -fstack-usage -MMD -MP -MF"Core/Src/LED_API.d" -MT"Core/Src/LED_API.o" --specs=nano.specs -mfpu=fpv4-sp-d16 -mfloat-abi=hard -mthumb -o "Core/Src/LED_API.o"
../Core/Src/LED_API.c: In function 'delay_systick':
../Core/Src/LED_API.c:42:38: warning: logical not is only applied to the left hand side of comparison [-Wlogical-not-parentheses]
  while(! ( SysTick->CTRL & 0x10000 ) == 1 );
                                      ^~
../Core/Src/LED_API.c:42:8: note: add parentheses around left hand side expression to silence this warning
  while(! ( SysTick->CTRL & 0x10000 ) == 1 );
        ^~~~~~~~~~~~~~~~~~~~~~~~~~~~~
        (                            )
../Core/Src/LED_API.c: In function 'UpdateApiCheck':
../Core/Src/LED_API.c:177:50: error: lvalue required as left operand of assignment
    alternator == 0 ? alternator = 1 : alternator = 0; //oooh fancy if else statement ;)
                                                  ^
make: *** [Core/Src/subdir.mk:44: Core/Src/LED_API.o] Error 1
"make -j8 all" terminated with exit code 2. Build might be incomplete.
00:07:37 **** Incremental Build of configuration Debug for project UART LED Part1 ****
make -j8 all 
arm-none-eabi-gcc "../Core/Src/LED_API.c" -mcpu=cortex-m4 -std=gnu11 -g3 -DUSE_HAL_DRIVER -DSTM32L476xx -DDEBUG -c -I../Core/Inc -I../Drivers/STM32L4xx_HAL_Driver/Inc -I../Drivers/STM32L4xx_HAL_Driver/Inc/Legacy -I../Drivers/CMSIS/Device/ST/STM32L4xx/Include -I../Drivers/CMSIS/Include -O0 -ffunction-sections -fdata-sections -Wall -fstack-usage -MMD -MP -MF"Core/Src/LED_API.d" -MT"Core/Src/LED_API.o" --specs=nano.specs -mfpu=fpv4-sp-d16 -mfloat-abi=hard -mthumb -o "Core/Src/LED_API.o"
../Core/Src/LED_API.c: In function 'delay_systick':
../Core/Src/LED_API.c:42:38: warning: logical not is only applied to the left hand side of comparison [-Wlogical-not-parentheses]
  while(! ( SysTick->CTRL & 0x10000 ) == 1 );
                                      ^~
../Core/Src/LED_API.c:42:8: note: add parentheses around left hand side expression to silence this warning
  while(! ( SysTick->CTRL & 0x10000 ) == 1 );
        ^~~~~~~~~~~~~~~~~~~~~~~~~~~~~
        (                            )
../Core/Src/LED_API.c: In function 'UpdateApiCheck':
../Core/Src/LED_API.c:177:41: error: 'b' undeclared (first use in this function)
    alternator = (alternator == 0) ? 1 : b; //oooh fancy if else statement ;)
                                         ^
../Core/Src/LED_API.c:177:41: note: each undeclared identifier is reported only once for each function it appears in
make: *** [Core/Src/subdir.mk:44: Core/Src/LED_API.o] Error 1
"make -j8 all" terminated with exit code 2. Build might be incomplete.
00:07:46 **** Incremental Build of configuration Debug for project UART LED Part1 ****
make -j8 all 
arm-none-eabi-gcc "../Core/Src/LED_API.c" -mcpu=cortex-m4 -std=gnu11 -g3 -DUSE_HAL_DRIVER -DSTM32L476xx -DDEBUG -c -I../Core/Inc -I../Drivers/STM32L4xx_HAL_Driver/Inc -I../Drivers/STM32L4xx_HAL_Driver/Inc/Legacy -I../Drivers/CMSIS/Device/ST/STM32L4xx/Include -I../Drivers/CMSIS/Include -O0 -ffunction-sections -fdata-sections -Wall -fstack-usage -MMD -MP -MF"Core/Src/LED_API.d" -MT"Core/Src/LED_API.o" --specs=nano.specs -mfpu=fpv4-sp-d16 -mfloat-abi=hard -mthumb -o "Core/Src/LED_API.o"
../Core/Src/LED_API.c: In function 'delay_systick':
../Core/Src/LED_API.c:42:38: warning: logical not is only applied to the left hand side of comparison [-Wlogical-not-parentheses]
  while(! ( SysTick->CTRL & 0x10000 ) == 1 );
                                      ^~
../Core/Src/LED_API.c:42:8: note: add parentheses around left hand side expression to silence this warning
  while(! ( SysTick->CTRL & 0x10000 ) == 1 );
        ^~~~~~~~~~~~~~~~~~~~~~~~~~~~~
        (                            )
arm-none-eabi-gcc -o "UART LED Part1.elf" @"objects.list"   -mcpu=cortex-m4 -T"C:\Users\bendr\STM32CubeIDE\workspace_1.5.1\UART LED Part1\STM32L476RGTX_FLASH.ld" --specs=nosys.specs -Wl,-Map="UART LED Part1.map" -Wl,--gc-sections -static --specs=nano.specs -mfpu=fpv4-sp-d16 -mfloat-abi=hard -mthumb -Wl,--start-group -lc -lm -Wl,--end-group
Finished building target: UART LED Part1.elf
 
arm-none-eabi-objdump -h -S  UART\ LED\ Part1.elf  > "UART LED Part1.list"
arm-none-eabi-objcopy  -O binary  UART\ LED\ Part1.elf  "UART LED Part1.bin"
arm-none-eabi-size   UART\ LED\ Part1.elf 
   text	   data	    bss	    dec	    hex	filename
   3580	      8	   1576	   5164	   142c	UART LED Part1.elf
Finished building: default.size.stdout
 
Finished building: UART LED Part1.bin
 
Finished building: UART LED Part1.list
 
00:13:45 **** Incremental Build of configuration Debug for project UART LED Part1 ****
make -j8 all 
arm-none-eabi-size   UART\ LED\ Part1.elf 
   text	   data	    bss	    dec	    hex	filename
   3580	      8	   1576	   5164	   142c	UART LED Part1.elf
Finished building: default.size.stdout
 
00:18:29 **** Incremental Build of configuration Debug for project UART LED Part1 ****
make -j8 all 
arm-none-eabi-gcc "../Core/Src/LED_API.c" -mcpu=cortex-m4 -std=gnu11 -g3 -DUSE_HAL_DRIVER -DSTM32L476xx -DDEBUG -c -I../Core/Inc -I../Drivers/STM32L4xx_HAL_Driver/Inc -I../Drivers/STM32L4xx_HAL_Driver/Inc/Legacy -I../Drivers/CMSIS/Device/ST/STM32L4xx/Include -I../Drivers/CMSIS/Include -O0 -ffunction-sections -fdata-sections -Wall -fstack-usage -MMD -MP -MF"Core/Src/LED_API.d" -MT"Core/Src/LED_API.o" --specs=nano.specs -mfpu=fpv4-sp-d16 -mfloat-abi=hard -mthumb -o "Core/Src/LED_API.o"
../Core/Src/LED_API.c: In function 'delay_systick':
../Core/Src/LED_API.c:42:38: warning: logical not is only applied to the left hand side of comparison [-Wlogical-not-parentheses]
  while(! ( SysTick->CTRL & 0x10000 ) == 1 );
                                      ^~
../Core/Src/LED_API.c:42:8: note: add parentheses around left hand side expression to silence this warning
  while(! ( SysTick->CTRL & 0x10000 ) == 1 );
        ^~~~~~~~~~~~~~~~~~~~~~~~~~~~~
        (                            )
arm-none-eabi-gcc -o "UART LED Part1.elf" @"objects.list"   -mcpu=cortex-m4 -T"C:\Users\bendr\STM32CubeIDE\workspace_1.5.1\UART LED Part1\STM32L476RGTX_FLASH.ld" --specs=nosys.specs -Wl,-Map="UART LED Part1.map" -Wl,--gc-sections -static --specs=nano.specs -mfpu=fpv4-sp-d16 -mfloat-abi=hard -mthumb -Wl,--start-group -lc -lm -Wl,--end-group
Finished building target: UART LED Part1.elf
 
arm-none-eabi-objdump -h -S  UART\ LED\ Part1.elf  > "UART LED Part1.list"
arm-none-eabi-objcopy  -O binary  UART\ LED\ Part1.elf  "UART LED Part1.bin"
arm-none-eabi-size   UART\ LED\ Part1.elf 
   text	   data	    bss	    dec	    hex	filename
   3588	      8	   1576	   5172	   1434	UART LED Part1.elf
Finished building: default.size.stdout
 
Finished building: UART LED Part1.bin
Finished building: UART LED Part1.list
 
 
00:21:57 **** Incremental Build of configuration Debug for project UART LED Part1 ****
make -j8 all 
arm-none-eabi-gcc "../Core/Src/LED_API.c" -mcpu=cortex-m4 -std=gnu11 -g3 -DUSE_HAL_DRIVER -DSTM32L476xx -DDEBUG -c -I../Core/Inc -I../Drivers/STM32L4xx_HAL_Driver/Inc -I../Drivers/STM32L4xx_HAL_Driver/Inc/Legacy -I../Drivers/CMSIS/Device/ST/STM32L4xx/Include -I../Drivers/CMSIS/Include -O0 -ffunction-sections -fdata-sections -Wall -fstack-usage -MMD -MP -MF"Core/Src/LED_API.d" -MT"Core/Src/LED_API.o" --specs=nano.specs -mfpu=fpv4-sp-d16 -mfloat-abi=hard -mthumb -o "Core/Src/LED_API.o"
../Core/Src/LED_API.c: In function 'delay_systick':
../Core/Src/LED_API.c:42:38: warning: logical not is only applied to the left hand side of comparison [-Wlogical-not-parentheses]
  while(! ( SysTick->CTRL & 0x10000 ) == 1 );
                                      ^~
../Core/Src/LED_API.c:42:8: note: add parentheses around left hand side expression to silence this warning
  while(! ( SysTick->CTRL & 0x10000 ) == 1 );
        ^~~~~~~~~~~~~~~~~~~~~~~~~~~~~
        (                            )
arm-none-eabi-gcc -o "UART LED Part1.elf" @"objects.list"   -mcpu=cortex-m4 -T"C:\Users\bendr\STM32CubeIDE\workspace_1.5.1\UART LED Part1\STM32L476RGTX_FLASH.ld" --specs=nosys.specs -Wl,-Map="UART LED Part1.map" -Wl,--gc-sections -static --specs=nano.specs -mfpu=fpv4-sp-d16 -mfloat-abi=hard -mthumb -Wl,--start-group -lc -lm -Wl,--end-group
Finished building target: UART LED Part1.elf
 
arm-none-eabi-objdump -h -S  UART\ LED\ Part1.elf  > "UART LED Part1.list"
arm-none-eabi-objcopy  -O binary  UART\ LED\ Part1.elf  "UART LED Part1.bin"
arm-none-eabi-size   UART\ LED\ Part1.elf 
   text	   data	    bss	    dec	    hex	filename
   3588	      8	   1576	   5172	   1434	UART LED Part1.elf
Finished building: default.size.stdout
 
Finished building: UART LED Part1.bin
Finished building: UART LED Part1.list
 
 
00:23:00 **** Incremental Build of configuration Debug for project UART LED Part1 ****
make -j8 all 
arm-none-eabi-gcc "../Core/Src/main.c" -mcpu=cortex-m4 -std=gnu11 -g3 -DUSE_HAL_DRIVER -DSTM32L476xx -DDEBUG -c -I../Core/Inc -I../Drivers/STM32L4xx_HAL_Driver/Inc -I../Drivers/STM32L4xx_HAL_Driver/Inc/Legacy -I../Drivers/CMSIS/Device/ST/STM32L4xx/Include -I../Drivers/CMSIS/Include -O0 -ffunction-sections -fdata-sections -Wall -fstack-usage -MMD -MP -MF"Core/Src/main.d" -MT"Core/Src/main.o" --specs=nano.specs -mfpu=fpv4-sp-d16 -mfloat-abi=hard -mthumb -o "Core/Src/main.o"
arm-none-eabi-gcc -o "UART LED Part1.elf" @"objects.list"   -mcpu=cortex-m4 -T"C:\Users\bendr\STM32CubeIDE\workspace_1.5.1\UART LED Part1\STM32L476RGTX_FLASH.ld" --specs=nosys.specs -Wl,-Map="UART LED Part1.map" -Wl,--gc-sections -static --specs=nano.specs -mfpu=fpv4-sp-d16 -mfloat-abi=hard -mthumb -Wl,--start-group -lc -lm -Wl,--end-group
Finished building target: UART LED Part1.elf
 
arm-none-eabi-objdump -h -S  UART\ LED\ Part1.elf  > "UART LED Part1.list"
arm-none-eabi-objcopy  -O binary  UART\ LED\ Part1.elf  "UART LED Part1.bin"
arm-none-eabi-size   UART\ LED\ Part1.elf 
   text	   data	    bss	    dec	    hex	filename
   3588	      8	   1576	   5172	   1434	UART LED Part1.elf
Finished building: default.size.stdout
 
Finished building: UART LED Part1.bin
Finished building: UART LED Part1.list
 
 
00:26:21 **** Incremental Build of configuration Debug for project UART LED Part1 ****
make -j8 all 
arm-none-eabi-gcc "../Core/Src/LED_API.c" -mcpu=cortex-m4 -std=gnu11 -g3 -DUSE_HAL_DRIVER -DSTM32L476xx -DDEBUG -c -I../Core/Inc -I../Drivers/STM32L4xx_HAL_Driver/Inc -I../Drivers/STM32L4xx_HAL_Driver/Inc/Legacy -I../Drivers/CMSIS/Device/ST/STM32L4xx/Include -I../Drivers/CMSIS/Include -O0 -ffunction-sections -fdata-sections -Wall -fstack-usage -MMD -MP -MF"Core/Src/LED_API.d" -MT"Core/Src/LED_API.o" --specs=nano.specs -mfpu=fpv4-sp-d16 -mfloat-abi=hard -mthumb -o "Core/Src/LED_API.o"
../Core/Src/LED_API.c: In function 'delay_systick':
../Core/Src/LED_API.c:42:38: warning: logical not is only applied to the left hand side of comparison [-Wlogical-not-parentheses]
  while(! ( SysTick->CTRL & 0x10000 ) == 1 );
                                      ^~
../Core/Src/LED_API.c:42:8: note: add parentheses around left hand side expression to silence this warning
  while(! ( SysTick->CTRL & 0x10000 ) == 1 );
        ^~~~~~~~~~~~~~~~~~~~~~~~~~~~~
        (                            )
../Core/Src/LED_API.c: In function 'UpdateApiCheck':
../Core/Src/LED_API.c:140:21: warning: character constant too long for its type
  char *debug_char = '|--|\n';
                     ^~~~~~~~
../Core/Src/LED_API.c:140:21: warning: initialization makes pointer from integer without a cast [-Wint-conversion]
arm-none-eabi-gcc -o "UART LED Part1.elf" @"objects.list"   -mcpu=cortex-m4 -T"C:\Users\bendr\STM32CubeIDE\workspace_1.5.1\UART LED Part1\STM32L476RGTX_FLASH.ld" --specs=nosys.specs -Wl,-Map="UART LED Part1.map" -Wl,--gc-sections -static --specs=nano.specs -mfpu=fpv4-sp-d16 -mfloat-abi=hard -mthumb -Wl,--start-group -lc -lm -Wl,--end-group
Finished building target: UART LED Part1.elf
 
arm-none-eabi-objdump -h -S  UART\ LED\ Part1.elf  > "UART LED Part1.list"
arm-none-eabi-objcopy  -O binary  UART\ LED\ Part1.elf  "UART LED Part1.bin"
arm-none-eabi-size   UART\ LED\ Part1.elf 
   text	   data	    bss	    dec	    hex	filename
   3620	      8	   1576	   5204	   1454	UART LED Part1.elf
Finished building: default.size.stdout
 
Finished building: UART LED Part1.bin
 
Finished building: UART LED Part1.list
 
00:26:57 **** Incremental Build of configuration Debug for project UART LED Part1 ****
make -j8 all 
arm-none-eabi-gcc "../Core/Src/LED_API.c" -mcpu=cortex-m4 -std=gnu11 -g3 -DUSE_HAL_DRIVER -DSTM32L476xx -DDEBUG -c -I../Core/Inc -I../Drivers/STM32L4xx_HAL_Driver/Inc -I../Drivers/STM32L4xx_HAL_Driver/Inc/Legacy -I../Drivers/CMSIS/Device/ST/STM32L4xx/Include -I../Drivers/CMSIS/Include -O0 -ffunction-sections -fdata-sections -Wall -fstack-usage -MMD -MP -MF"Core/Src/LED_API.d" -MT"Core/Src/LED_API.o" --specs=nano.specs -mfpu=fpv4-sp-d16 -mfloat-abi=hard -mthumb -o "Core/Src/LED_API.o"
../Core/Src/LED_API.c: In function 'delay_systick':
../Core/Src/LED_API.c:42:38: warning: logical not is only applied to the left hand side of comparison [-Wlogical-not-parentheses]
  while(! ( SysTick->CTRL & 0x10000 ) == 1 );
                                      ^~
../Core/Src/LED_API.c:42:8: note: add parentheses around left hand side expression to silence this warning
  while(! ( SysTick->CTRL & 0x10000 ) == 1 );
        ^~~~~~~~~~~~~~~~~~~~~~~~~~~~~
        (                            )
arm-none-eabi-gcc -o "UART LED Part1.elf" @"objects.list"   -mcpu=cortex-m4 -T"C:\Users\bendr\STM32CubeIDE\workspace_1.5.1\UART LED Part1\STM32L476RGTX_FLASH.ld" --specs=nosys.specs -Wl,-Map="UART LED Part1.map" -Wl,--gc-sections -static --specs=nano.specs -mfpu=fpv4-sp-d16 -mfloat-abi=hard -mthumb -Wl,--start-group -lc -lm -Wl,--end-group
Finished building target: UART LED Part1.elf
 
arm-none-eabi-objdump -h -S  UART\ LED\ Part1.elf  > "UART LED Part1.list"
arm-none-eabi-objcopy  -O binary  UART\ LED\ Part1.elf  "UART LED Part1.bin"
arm-none-eabi-size   UART\ LED\ Part1.elf 
   text	   data	    bss	    dec	    hex	filename
   3628	      8	   1576	   5212	   145c	UART LED Part1.elf
Finished building: default.size.stdout
 
Finished building: UART LED Part1.bin
 
Finished building: UART LED Part1.list
 
00:28:01 **** Incremental Build of configuration Debug for project UART LED Part1 ****
make -j8 all 
arm-none-eabi-gcc "../Core/Src/LED_API.c" -mcpu=cortex-m4 -std=gnu11 -g3 -DUSE_HAL_DRIVER -DSTM32L476xx -DDEBUG -c -I../Core/Inc -I../Drivers/STM32L4xx_HAL_Driver/Inc -I../Drivers/STM32L4xx_HAL_Driver/Inc/Legacy -I../Drivers/CMSIS/Device/ST/STM32L4xx/Include -I../Drivers/CMSIS/Include -O0 -ffunction-sections -fdata-sections -Wall -fstack-usage -MMD -MP -MF"Core/Src/LED_API.d" -MT"Core/Src/LED_API.o" --specs=nano.specs -mfpu=fpv4-sp-d16 -mfloat-abi=hard -mthumb -o "Core/Src/LED_API.o"
../Core/Src/LED_API.c: In function 'delay_systick':
../Core/Src/LED_API.c:42:38: warning: logical not is only applied to the left hand side of comparison [-Wlogical-not-parentheses]
  while(! ( SysTick->CTRL & 0x10000 ) == 1 );
                                      ^~
../Core/Src/LED_API.c:42:8: note: add parentheses around left hand side expression to silence this warning
  while(! ( SysTick->CTRL & 0x10000 ) == 1 );
        ^~~~~~~~~~~~~~~~~~~~~~~~~~~~~
        (                            )
../Core/Src/LED_API.c: In function 'UpdateApiCheck':
../Core/Src/LED_API.c:140:8: warning: unused variable 'debug_char' [-Wunused-variable]
  char *debug_char = "|--|\n";
        ^~~~~~~~~~
arm-none-eabi-gcc -o "UART LED Part1.elf" @"objects.list"   -mcpu=cortex-m4 -T"C:\Users\bendr\STM32CubeIDE\workspace_1.5.1\UART LED Part1\STM32L476RGTX_FLASH.ld" --specs=nosys.specs -Wl,-Map="UART LED Part1.map" -Wl,--gc-sections -static --specs=nano.specs -mfpu=fpv4-sp-d16 -mfloat-abi=hard -mthumb -Wl,--start-group -lc -lm -Wl,--end-group
Finished building target: UART LED Part1.elf
 
arm-none-eabi-objdump -h -S  UART\ LED\ Part1.elf  > "UART LED Part1.list"
arm-none-eabi-objcopy  -O binary  UART\ LED\ Part1.elf  "UART LED Part1.bin"
arm-none-eabi-size   UART\ LED\ Part1.elf 
   text	   data	    bss	    dec	    hex	filename
   3608	      8	   1576	   5192	   1448	UART LED Part1.elf
Finished building: default.size.stdout
 
Finished building: UART LED Part1.bin
Finished building: UART LED Part1.list
 
 
00:38:53 **** Incremental Build of configuration Debug for project UART LED Part1 ****
make -j8 all 
arm-none-eabi-gcc "../Core/Src/main.c" -mcpu=cortex-m4 -std=gnu11 -g3 -DUSE_HAL_DRIVER -DSTM32L476xx -DDEBUG -c -I../Core/Inc -I../Drivers/STM32L4xx_HAL_Driver/Inc -I../Drivers/STM32L4xx_HAL_Driver/Inc/Legacy -I../Drivers/CMSIS/Device/ST/STM32L4xx/Include -I../Drivers/CMSIS/Include -O0 -ffunction-sections -fdata-sections -Wall -fstack-usage -MMD -MP -MF"Core/Src/main.d" -MT"Core/Src/main.o" --specs=nano.specs -mfpu=fpv4-sp-d16 -mfloat-abi=hard -mthumb -o "Core/Src/main.o"
arm-none-eabi-gcc -o "UART LED Part1.elf" @"objects.list"   -mcpu=cortex-m4 -T"C:\Users\bendr\STM32CubeIDE\workspace_1.5.1\UART LED Part1\STM32L476RGTX_FLASH.ld" --specs=nosys.specs -Wl,-Map="UART LED Part1.map" -Wl,--gc-sections -static --specs=nano.specs -mfpu=fpv4-sp-d16 -mfloat-abi=hard -mthumb -Wl,--start-group -lc -lm -Wl,--end-group
Finished building target: UART LED Part1.elf
 
arm-none-eabi-objdump -h -S  UART\ LED\ Part1.elf  > "UART LED Part1.list"
arm-none-eabi-objcopy  -O binary  UART\ LED\ Part1.elf  "UART LED Part1.bin"
arm-none-eabi-size   UART\ LED\ Part1.elf 
   text	   data	    bss	    dec	    hex	filename
   3608	      8	   1576	   5192	   1448	UART LED Part1.elf
Finished building: default.size.stdout
 
Finished building: UART LED Part1.bin
Finished building: UART LED Part1.list
 
 
00:39:15 **** Incremental Build of configuration Debug for project UART LED Part1 ****
make -j8 all 
arm-none-eabi-gcc "../Core/Src/LED_API.c" -mcpu=cortex-m4 -std=gnu11 -g3 -DUSE_HAL_DRIVER -DSTM32L476xx -DDEBUG -c -I../Core/Inc -I../Drivers/STM32L4xx_HAL_Driver/Inc -I../Drivers/STM32L4xx_HAL_Driver/Inc/Legacy -I../Drivers/CMSIS/Device/ST/STM32L4xx/Include -I../Drivers/CMSIS/Include -O0 -ffunction-sections -fdata-sections -Wall -fstack-usage -MMD -MP -MF"Core/Src/LED_API.d" -MT"Core/Src/LED_API.o" --specs=nano.specs -mfpu=fpv4-sp-d16 -mfloat-abi=hard -mthumb -o "Core/Src/LED_API.o"
arm-none-eabi-gcc "../Core/Src/main.c" -mcpu=cortex-m4 -std=gnu11 -g3 -DUSE_HAL_DRIVER -DSTM32L476xx -DDEBUG -c -I../Core/Inc -I../Drivers/STM32L4xx_HAL_Driver/Inc -I../Drivers/STM32L4xx_HAL_Driver/Inc/Legacy -I../Drivers/CMSIS/Device/ST/STM32L4xx/Include -I../Drivers/CMSIS/Include -O0 -ffunction-sections -fdata-sections -Wall -fstack-usage -MMD -MP -MF"Core/Src/main.d" -MT"Core/Src/main.o" --specs=nano.specs -mfpu=fpv4-sp-d16 -mfloat-abi=hard -mthumb -o "Core/Src/main.o"
../Core/Src/LED_API.c: In function 'delay_systick':
../Core/Src/LED_API.c:42:38: warning: logical not is only applied to the left hand side of comparison [-Wlogical-not-parentheses]
  while(! ( SysTick->CTRL & 0x10000 ) == 1 );
                                      ^~
../Core/Src/LED_API.c:42:8: note: add parentheses around left hand side expression to silence this warning
  while(! ( SysTick->CTRL & 0x10000 ) == 1 );
        ^~~~~~~~~~~~~~~~~~~~~~~~~~~~~
        (                            )
../Core/Src/LED_API.c: In function 'UpdateApiCheck':
../Core/Src/LED_API.c:139:8: warning: unused variable 'debug_char' [-Wunused-variable]
  char *debug_char = "|--|\n";
        ^~~~~~~~~~
arm-none-eabi-gcc -o "UART LED Part1.elf" @"objects.list"   -mcpu=cortex-m4 -T"C:\Users\bendr\STM32CubeIDE\workspace_1.5.1\UART LED Part1\STM32L476RGTX_FLASH.ld" --specs=nosys.specs -Wl,-Map="UART LED Part1.map" -Wl,--gc-sections -static --specs=nano.specs -mfpu=fpv4-sp-d16 -mfloat-abi=hard -mthumb -Wl,--start-group -lc -lm -Wl,--end-group
Finished building target: UART LED Part1.elf
 
arm-none-eabi-objdump -h -S  UART\ LED\ Part1.elf  > "UART LED Part1.list"
arm-none-eabi-objcopy  -O binary  UART\ LED\ Part1.elf  "UART LED Part1.bin"
arm-none-eabi-size   UART\ LED\ Part1.elf 
   text	   data	    bss	    dec	    hex	filename
   3608	      8	   1576	   5192	   1448	UART LED Part1.elf
Finished building: default.size.stdout
 
Finished building: UART LED Part1.bin
 
Finished building: UART LED Part1.list
 
00:39:26 **** Incremental Build of configuration Debug for project UART LED Part1 ****
make -j8 all 
arm-none-eabi-gcc "../Core/Src/LED_API.c" -mcpu=cortex-m4 -std=gnu11 -g3 -DUSE_HAL_DRIVER -DSTM32L476xx -DDEBUG -c -I../Core/Inc -I../Drivers/STM32L4xx_HAL_Driver/Inc -I../Drivers/STM32L4xx_HAL_Driver/Inc/Legacy -I../Drivers/CMSIS/Device/ST/STM32L4xx/Include -I../Drivers/CMSIS/Include -O0 -ffunction-sections -fdata-sections -Wall -fstack-usage -MMD -MP -MF"Core/Src/LED_API.d" -MT"Core/Src/LED_API.o" --specs=nano.specs -mfpu=fpv4-sp-d16 -mfloat-abi=hard -mthumb -o "Core/Src/LED_API.o"
../Core/Src/LED_API.c: In function 'delay_systick':
../Core/Src/LED_API.c:42:38: warning: logical not is only applied to the left hand side of comparison [-Wlogical-not-parentheses]
  while(! ( SysTick->CTRL & 0x10000 ) == 1 );
                                      ^~
../Core/Src/LED_API.c:42:8: note: add parentheses around left hand side expression to silence this warning
  while(! ( SysTick->CTRL & 0x10000 ) == 1 );
        ^~~~~~~~~~~~~~~~~~~~~~~~~~~~~
        (                            )
arm-none-eabi-gcc -o "UART LED Part1.elf" @"objects.list"   -mcpu=cortex-m4 -T"C:\Users\bendr\STM32CubeIDE\workspace_1.5.1\UART LED Part1\STM32L476RGTX_FLASH.ld" --specs=nosys.specs -Wl,-Map="UART LED Part1.map" -Wl,--gc-sections -static --specs=nano.specs -mfpu=fpv4-sp-d16 -mfloat-abi=hard -mthumb -Wl,--start-group -lc -lm -Wl,--end-group
Finished building target: UART LED Part1.elf
 
arm-none-eabi-objdump -h -S  UART\ LED\ Part1.elf  > "UART LED Part1.list"
arm-none-eabi-objcopy  -O binary  UART\ LED\ Part1.elf  "UART LED Part1.bin"
arm-none-eabi-size   UART\ LED\ Part1.elf 
   text	   data	    bss	    dec	    hex	filename
   3628	      8	   1576	   5212	   145c	UART LED Part1.elf
Finished building: default.size.stdout
 
Finished building: UART LED Part1.bin
 
Finished building: UART LED Part1.list
 
00:39:41 **** Incremental Build of configuration Debug for project UART LED Part1 ****
make -j8 all 
arm-none-eabi-gcc "../Core/Src/LED_API.c" -mcpu=cortex-m4 -std=gnu11 -g3 -DUSE_HAL_DRIVER -DSTM32L476xx -DDEBUG -c -I../Core/Inc -I../Drivers/STM32L4xx_HAL_Driver/Inc -I../Drivers/STM32L4xx_HAL_Driver/Inc/Legacy -I../Drivers/CMSIS/Device/ST/STM32L4xx/Include -I../Drivers/CMSIS/Include -O0 -ffunction-sections -fdata-sections -Wall -fstack-usage -MMD -MP -MF"Core/Src/LED_API.d" -MT"Core/Src/LED_API.o" --specs=nano.specs -mfpu=fpv4-sp-d16 -mfloat-abi=hard -mthumb -o "Core/Src/LED_API.o"
../Core/Src/LED_API.c: In function 'delay_systick':
../Core/Src/LED_API.c:42:38: warning: logical not is only applied to the left hand side of comparison [-Wlogical-not-parentheses]
  while(! ( SysTick->CTRL & 0x10000 ) == 1 );
                                      ^~
../Core/Src/LED_API.c:42:8: note: add parentheses around left hand side expression to silence this warning
  while(! ( SysTick->CTRL & 0x10000 ) == 1 );
        ^~~~~~~~~~~~~~~~~~~~~~~~~~~~~
        (                            )
../Core/Src/LED_API.c: In function 'UpdateApiCheck':
../Core/Src/LED_API.c:139:8: warning: unused variable 'debug_char' [-Wunused-variable]
  char *debug_char = "|--|\n";
        ^~~~~~~~~~
arm-none-eabi-gcc -o "UART LED Part1.elf" @"objects.list"   -mcpu=cortex-m4 -T"C:\Users\bendr\STM32CubeIDE\workspace_1.5.1\UART LED Part1\STM32L476RGTX_FLASH.ld" --specs=nosys.specs -Wl,-Map="UART LED Part1.map" -Wl,--gc-sections -static --specs=nano.specs -mfpu=fpv4-sp-d16 -mfloat-abi=hard -mthumb -Wl,--start-group -lc -lm -Wl,--end-group
Finished building target: UART LED Part1.elf
 
arm-none-eabi-objdump -h -S  UART\ LED\ Part1.elf  > "UART LED Part1.list"
arm-none-eabi-objcopy  -O binary  UART\ LED\ Part1.elf  "UART LED Part1.bin"
arm-none-eabi-size   UART\ LED\ Part1.elf 
   text	   data	    bss	    dec	    hex	filename
   3608	      8	   1576	   5192	   1448	UART LED Part1.elf
Finished building: default.size.stdout
 
Finished building: UART LED Part1.bin
Finished building: UART LED Part1.list
 
 
00:40:55 **** Incremental Build of configuration Debug for project UART LED Part1 ****
make -j8 all 
arm-none-eabi-gcc "../Core/Src/LED_API.c" -mcpu=cortex-m4 -std=gnu11 -g3 -DUSE_HAL_DRIVER -DSTM32L476xx -DDEBUG -c -I../Core/Inc -I../Drivers/STM32L4xx_HAL_Driver/Inc -I../Drivers/STM32L4xx_HAL_Driver/Inc/Legacy -I../Drivers/CMSIS/Device/ST/STM32L4xx/Include -I../Drivers/CMSIS/Include -O0 -ffunction-sections -fdata-sections -Wall -fstack-usage -MMD -MP -MF"Core/Src/LED_API.d" -MT"Core/Src/LED_API.o" --specs=nano.specs -mfpu=fpv4-sp-d16 -mfloat-abi=hard -mthumb -o "Core/Src/LED_API.o"
../Core/Src/LED_API.c: In function 'delay_systick':
../Core/Src/LED_API.c:42:38: warning: logical not is only applied to the left hand side of comparison [-Wlogical-not-parentheses]
  while(! ( SysTick->CTRL & 0x10000 ) == 1 );
                                      ^~
../Core/Src/LED_API.c:42:8: note: add parentheses around left hand side expression to silence this warning
  while(! ( SysTick->CTRL & 0x10000 ) == 1 );
        ^~~~~~~~~~~~~~~~~~~~~~~~~~~~~
        (                            )
../Core/Src/LED_API.c: In function 'UpdateApiCheck':
../Core/Src/LED_API.c:139:8: warning: unused variable 'debug_char' [-Wunused-variable]
  char *debug_char = "|--|\n";
        ^~~~~~~~~~
arm-none-eabi-gcc -o "UART LED Part1.elf" @"objects.list"   -mcpu=cortex-m4 -T"C:\Users\bendr\STM32CubeIDE\workspace_1.5.1\UART LED Part1\STM32L476RGTX_FLASH.ld" --specs=nosys.specs -Wl,-Map="UART LED Part1.map" -Wl,--gc-sections -static --specs=nano.specs -mfpu=fpv4-sp-d16 -mfloat-abi=hard -mthumb -Wl,--start-group -lc -lm -Wl,--end-group
Finished building target: UART LED Part1.elf
 
arm-none-eabi-objdump -h -S  UART\ LED\ Part1.elf  > "UART LED Part1.list"
arm-none-eabi-objcopy  -O binary  UART\ LED\ Part1.elf  "UART LED Part1.bin"
arm-none-eabi-size   UART\ LED\ Part1.elf 
   text	   data	    bss	    dec	    hex	filename
   3600	      8	   1576	   5184	   1440	UART LED Part1.elf
Finished building: default.size.stdout
 
Finished building: UART LED Part1.bin
 
Finished building: UART LED Part1.list
 
00:41:04 **** Incremental Build of configuration Debug for project UART LED Part1 ****
make -j8 all 
arm-none-eabi-gcc "../Core/Src/LED_API.c" -mcpu=cortex-m4 -std=gnu11 -g3 -DUSE_HAL_DRIVER -DSTM32L476xx -DDEBUG -c -I../Core/Inc -I../Drivers/STM32L4xx_HAL_Driver/Inc -I../Drivers/STM32L4xx_HAL_Driver/Inc/Legacy -I../Drivers/CMSIS/Device/ST/STM32L4xx/Include -I../Drivers/CMSIS/Include -O0 -ffunction-sections -fdata-sections -Wall -fstack-usage -MMD -MP -MF"Core/Src/LED_API.d" -MT"Core/Src/LED_API.o" --specs=nano.specs -mfpu=fpv4-sp-d16 -mfloat-abi=hard -mthumb -o "Core/Src/LED_API.o"
../Core/Src/LED_API.c: In function 'delay_systick':
../Core/Src/LED_API.c:42:38: warning: logical not is only applied to the left hand side of comparison [-Wlogical-not-parentheses]
  while(! ( SysTick->CTRL & 0x10000 ) == 1 );
                                      ^~
../Core/Src/LED_API.c:42:8: note: add parentheses around left hand side expression to silence this warning
  while(! ( SysTick->CTRL & 0x10000 ) == 1 );
        ^~~~~~~~~~~~~~~~~~~~~~~~~~~~~
        (                            )
arm-none-eabi-gcc -o "UART LED Part1.elf" @"objects.list"   -mcpu=cortex-m4 -T"C:\Users\bendr\STM32CubeIDE\workspace_1.5.1\UART LED Part1\STM32L476RGTX_FLASH.ld" --specs=nosys.specs -Wl,-Map="UART LED Part1.map" -Wl,--gc-sections -static --specs=nano.specs -mfpu=fpv4-sp-d16 -mfloat-abi=hard -mthumb -Wl,--start-group -lc -lm -Wl,--end-group
Finished building target: UART LED Part1.elf
 
arm-none-eabi-objdump -h -S  UART\ LED\ Part1.elf  > "UART LED Part1.list"
arm-none-eabi-objcopy  -O binary  UART\ LED\ Part1.elf  "UART LED Part1.bin"
arm-none-eabi-size   UART\ LED\ Part1.elf 
   text	   data	    bss	    dec	    hex	filename
   3620	      8	   1576	   5204	   1454	UART LED Part1.elf
Finished building: default.size.stdout
 
Finished building: UART LED Part1.bin
Finished building: UART LED Part1.list
 
 
00:41:38 **** Incremental Build of configuration Debug for project UART LED Part1 ****
make -j8 all 
arm-none-eabi-gcc "../Core/Src/LED_API.c" -mcpu=cortex-m4 -std=gnu11 -g3 -DUSE_HAL_DRIVER -DSTM32L476xx -DDEBUG -c -I../Core/Inc -I../Drivers/STM32L4xx_HAL_Driver/Inc -I../Drivers/STM32L4xx_HAL_Driver/Inc/Legacy -I../Drivers/CMSIS/Device/ST/STM32L4xx/Include -I../Drivers/CMSIS/Include -O0 -ffunction-sections -fdata-sections -Wall -fstack-usage -MMD -MP -MF"Core/Src/LED_API.d" -MT"Core/Src/LED_API.o" --specs=nano.specs -mfpu=fpv4-sp-d16 -mfloat-abi=hard -mthumb -o "Core/Src/LED_API.o"
../Core/Src/LED_API.c: In function 'delay_systick':
../Core/Src/LED_API.c:42:38: warning: logical not is only applied to the left hand side of comparison [-Wlogical-not-parentheses]
  while(! ( SysTick->CTRL & 0x10000 ) == 1 );
                                      ^~
../Core/Src/LED_API.c:42:8: note: add parentheses around left hand side expression to silence this warning
  while(! ( SysTick->CTRL & 0x10000 ) == 1 );
        ^~~~~~~~~~~~~~~~~~~~~~~~~~~~~
        (                            )
arm-none-eabi-gcc -o "UART LED Part1.elf" @"objects.list"   -mcpu=cortex-m4 -T"C:\Users\bendr\STM32CubeIDE\workspace_1.5.1\UART LED Part1\STM32L476RGTX_FLASH.ld" --specs=nosys.specs -Wl,-Map="UART LED Part1.map" -Wl,--gc-sections -static --specs=nano.specs -mfpu=fpv4-sp-d16 -mfloat-abi=hard -mthumb -Wl,--start-group -lc -lm -Wl,--end-group
Finished building target: UART LED Part1.elf
 
arm-none-eabi-objdump -h -S  UART\ LED\ Part1.elf  > "UART LED Part1.list"
arm-none-eabi-objcopy  -O binary  UART\ LED\ Part1.elf  "UART LED Part1.bin"
arm-none-eabi-size   UART\ LED\ Part1.elf 
   text	   data	    bss	    dec	    hex	filename
   3620	      8	   1576	   5204	   1454	UART LED Part1.elf
Finished building: default.size.stdout
 
Finished building: UART LED Part1.bin
Finished building: UART LED Part1.list
 
 
00:42:52 **** Incremental Build of configuration Debug for project UART LED Part1 ****
make -j8 all 
arm-none-eabi-gcc "../Core/Src/main.c" -mcpu=cortex-m4 -std=gnu11 -g3 -DUSE_HAL_DRIVER -DSTM32L476xx -DDEBUG -c -I../Core/Inc -I../Drivers/STM32L4xx_HAL_Driver/Inc -I../Drivers/STM32L4xx_HAL_Driver/Inc/Legacy -I../Drivers/CMSIS/Device/ST/STM32L4xx/Include -I../Drivers/CMSIS/Include -O0 -ffunction-sections -fdata-sections -Wall -fstack-usage -MMD -MP -MF"Core/Src/main.d" -MT"Core/Src/main.o" --specs=nano.specs -mfpu=fpv4-sp-d16 -mfloat-abi=hard -mthumb -o "Core/Src/main.o"
arm-none-eabi-gcc -o "UART LED Part1.elf" @"objects.list"   -mcpu=cortex-m4 -T"C:\Users\bendr\STM32CubeIDE\workspace_1.5.1\UART LED Part1\STM32L476RGTX_FLASH.ld" --specs=nosys.specs -Wl,-Map="UART LED Part1.map" -Wl,--gc-sections -static --specs=nano.specs -mfpu=fpv4-sp-d16 -mfloat-abi=hard -mthumb -Wl,--start-group -lc -lm -Wl,--end-group
Finished building target: UART LED Part1.elf
 
arm-none-eabi-objdump -h -S  UART\ LED\ Part1.elf  > "UART LED Part1.list"
arm-none-eabi-objcopy  -O binary  UART\ LED\ Part1.elf  "UART LED Part1.bin"
arm-none-eabi-size   UART\ LED\ Part1.elf 
   text	   data	    bss	    dec	    hex	filename
   3620	      8	   1576	   5204	   1454	UART LED Part1.elf
Finished building: default.size.stdout
 
Finished building: UART LED Part1.bin
Finished building: UART LED Part1.list
 
 
00:43:09 **** Incremental Build of configuration Debug for project UART LED Part1 ****
make -j8 all 
arm-none-eabi-gcc "../Core/Src/LED_API.c" -mcpu=cortex-m4 -std=gnu11 -g3 -DUSE_HAL_DRIVER -DSTM32L476xx -DDEBUG -c -I../Core/Inc -I../Drivers/STM32L4xx_HAL_Driver/Inc -I../Drivers/STM32L4xx_HAL_Driver/Inc/Legacy -I../Drivers/CMSIS/Device/ST/STM32L4xx/Include -I../Drivers/CMSIS/Include -O0 -ffunction-sections -fdata-sections -Wall -fstack-usage -MMD -MP -MF"Core/Src/LED_API.d" -MT"Core/Src/LED_API.o" --specs=nano.specs -mfpu=fpv4-sp-d16 -mfloat-abi=hard -mthumb -o "Core/Src/LED_API.o"
../Core/Src/LED_API.c: In function 'delay_systick':
../Core/Src/LED_API.c:42:38: warning: logical not is only applied to the left hand side of comparison [-Wlogical-not-parentheses]
  while(! ( SysTick->CTRL & 0x10000 ) == 1 );
                                      ^~
../Core/Src/LED_API.c:42:8: note: add parentheses around left hand side expression to silence this warning
  while(! ( SysTick->CTRL & 0x10000 ) == 1 );
        ^~~~~~~~~~~~~~~~~~~~~~~~~~~~~
        (                            )
arm-none-eabi-gcc -o "UART LED Part1.elf" @"objects.list"   -mcpu=cortex-m4 -T"C:\Users\bendr\STM32CubeIDE\workspace_1.5.1\UART LED Part1\STM32L476RGTX_FLASH.ld" --specs=nosys.specs -Wl,-Map="UART LED Part1.map" -Wl,--gc-sections -static --specs=nano.specs -mfpu=fpv4-sp-d16 -mfloat-abi=hard -mthumb -Wl,--start-group -lc -lm -Wl,--end-group
Finished building target: UART LED Part1.elf
 
arm-none-eabi-objdump -h -S  UART\ LED\ Part1.elf  > "UART LED Part1.list"
arm-none-eabi-objcopy  -O binary  UART\ LED\ Part1.elf  "UART LED Part1.bin"
arm-none-eabi-size   UART\ LED\ Part1.elf 
   text	   data	    bss	    dec	    hex	filename
   3620	      8	   1576	   5204	   1454	UART LED Part1.elf
Finished building: default.size.stdout
 
Finished building: UART LED Part1.bin
Finished building: UART LED Part1.list
 
 
00:43:31 **** Incremental Build of configuration Debug for project UART LED Part1 ****
make -j8 all 
arm-none-eabi-gcc "../Core/Src/LED_API.c" -mcpu=cortex-m4 -std=gnu11 -g3 -DUSE_HAL_DRIVER -DSTM32L476xx -DDEBUG -c -I../Core/Inc -I../Drivers/STM32L4xx_HAL_Driver/Inc -I../Drivers/STM32L4xx_HAL_Driver/Inc/Legacy -I../Drivers/CMSIS/Device/ST/STM32L4xx/Include -I../Drivers/CMSIS/Include -O0 -ffunction-sections -fdata-sections -Wall -fstack-usage -MMD -MP -MF"Core/Src/LED_API.d" -MT"Core/Src/LED_API.o" --specs=nano.specs -mfpu=fpv4-sp-d16 -mfloat-abi=hard -mthumb -o "Core/Src/LED_API.o"
../Core/Src/LED_API.c: In function 'delay_systick':
../Core/Src/LED_API.c:42:38: warning: logical not is only applied to the left hand side of comparison [-Wlogical-not-parentheses]
  while(! ( SysTick->CTRL & 0x10000 ) == 1 );
                                      ^~
../Core/Src/LED_API.c:42:8: note: add parentheses around left hand side expression to silence this warning
  while(! ( SysTick->CTRL & 0x10000 ) == 1 );
        ^~~~~~~~~~~~~~~~~~~~~~~~~~~~~
        (                            )
../Core/Src/LED_API.c: In function 'UpdateApiCheck':
../Core/Src/LED_API.c:139:8: warning: unused variable 'debug_char' [-Wunused-variable]
  char *debug_char = "|--|\n";
        ^~~~~~~~~~
arm-none-eabi-gcc -o "UART LED Part1.elf" @"objects.list"   -mcpu=cortex-m4 -T"C:\Users\bendr\STM32CubeIDE\workspace_1.5.1\UART LED Part1\STM32L476RGTX_FLASH.ld" --specs=nosys.specs -Wl,-Map="UART LED Part1.map" -Wl,--gc-sections -static --specs=nano.specs -mfpu=fpv4-sp-d16 -mfloat-abi=hard -mthumb -Wl,--start-group -lc -lm -Wl,--end-group
Finished building target: UART LED Part1.elf
 
arm-none-eabi-objdump -h -S  UART\ LED\ Part1.elf  > "UART LED Part1.list"
arm-none-eabi-objcopy  -O binary  UART\ LED\ Part1.elf  "UART LED Part1.bin"
arm-none-eabi-size   UART\ LED\ Part1.elf 
   text	   data	    bss	    dec	    hex	filename
   3600	      8	   1576	   5184	   1440	UART LED Part1.elf
Finished building: default.size.stdout
 
Finished building: UART LED Part1.bin
Finished building: UART LED Part1.list
 
 
00:53:09 **** Incremental Build of configuration Debug for project UART LED Part1 ****
make -j8 all 
arm-none-eabi-gcc "../Core/Src/LED_API.c" -mcpu=cortex-m4 -std=gnu11 -g3 -DUSE_HAL_DRIVER -DSTM32L476xx -DDEBUG -c -I../Core/Inc -I../Drivers/STM32L4xx_HAL_Driver/Inc -I../Drivers/STM32L4xx_HAL_Driver/Inc/Legacy -I../Drivers/CMSIS/Device/ST/STM32L4xx/Include -I../Drivers/CMSIS/Include -O0 -ffunction-sections -fdata-sections -Wall -fstack-usage -MMD -MP -MF"Core/Src/LED_API.d" -MT"Core/Src/LED_API.o" --specs=nano.specs -mfpu=fpv4-sp-d16 -mfloat-abi=hard -mthumb -o "Core/Src/LED_API.o"
arm-none-eabi-gcc "../Core/Src/main.c" -mcpu=cortex-m4 -std=gnu11 -g3 -DUSE_HAL_DRIVER -DSTM32L476xx -DDEBUG -c -I../Core/Inc -I../Drivers/STM32L4xx_HAL_Driver/Inc -I../Drivers/STM32L4xx_HAL_Driver/Inc/Legacy -I../Drivers/CMSIS/Device/ST/STM32L4xx/Include -I../Drivers/CMSIS/Include -O0 -ffunction-sections -fdata-sections -Wall -fstack-usage -MMD -MP -MF"Core/Src/main.d" -MT"Core/Src/main.o" --specs=nano.specs -mfpu=fpv4-sp-d16 -mfloat-abi=hard -mthumb -o "Core/Src/main.o"
../Core/Src/LED_API.c: In function 'delay_systick':
../Core/Src/LED_API.c:42:38: warning: logical not is only applied to the left hand side of comparison [-Wlogical-not-parentheses]
  while(! ( SysTick->CTRL & 0x10000 ) == 1 );
                                      ^~
../Core/Src/LED_API.c:42:8: note: add parentheses around left hand side expression to silence this warning
  while(! ( SysTick->CTRL & 0x10000 ) == 1 );
        ^~~~~~~~~~~~~~~~~~~~~~~~~~~~~
        (                            )
../Core/Src/LED_API.c: In function 'UpdateApiCheck':
../Core/Src/LED_API.c:141:8: warning: unused variable 'debug_char' [-Wunused-variable]
  char *debug_char = "|--|\n";
        ^~~~~~~~~~
arm-none-eabi-gcc -o "UART LED Part1.elf" @"objects.list"   -mcpu=cortex-m4 -T"C:\Users\bendr\STM32CubeIDE\workspace_1.5.1\UART LED Part1\STM32L476RGTX_FLASH.ld" --specs=nosys.specs -Wl,-Map="UART LED Part1.map" -Wl,--gc-sections -static --specs=nano.specs -mfpu=fpv4-sp-d16 -mfloat-abi=hard -mthumb -Wl,--start-group -lc -lm -Wl,--end-group
Finished building target: UART LED Part1.elf
 
arm-none-eabi-objdump -h -S  UART\ LED\ Part1.elf  > "UART LED Part1.list"
arm-none-eabi-objcopy  -O binary  UART\ LED\ Part1.elf  "UART LED Part1.bin"
arm-none-eabi-size   UART\ LED\ Part1.elf 
   text	   data	    bss	    dec	    hex	filename
   3632	      8	   1576	   5216	   1460	UART LED Part1.elf
Finished building: default.size.stdout
 
Finished building: UART LED Part1.bin
 
Finished building: UART LED Part1.list
 
00:53:28 **** Incremental Build of configuration Debug for project UART LED Part1 ****
make -j8 all 
arm-none-eabi-gcc "../Core/Src/LED_API.c" -mcpu=cortex-m4 -std=gnu11 -g3 -DUSE_HAL_DRIVER -DSTM32L476xx -DDEBUG -c -I../Core/Inc -I../Drivers/STM32L4xx_HAL_Driver/Inc -I../Drivers/STM32L4xx_HAL_Driver/Inc/Legacy -I../Drivers/CMSIS/Device/ST/STM32L4xx/Include -I../Drivers/CMSIS/Include -O0 -ffunction-sections -fdata-sections -Wall -fstack-usage -MMD -MP -MF"Core/Src/LED_API.d" -MT"Core/Src/LED_API.o" --specs=nano.specs -mfpu=fpv4-sp-d16 -mfloat-abi=hard -mthumb -o "Core/Src/LED_API.o"
../Core/Src/LED_API.c: In function 'delay_systick':
../Core/Src/LED_API.c:42:38: warning: logical not is only applied to the left hand side of comparison [-Wlogical-not-parentheses]
  while(! ( SysTick->CTRL & 0x10000 ) == 1 );
                                      ^~
../Core/Src/LED_API.c:42:8: note: add parentheses around left hand side expression to silence this warning
  while(! ( SysTick->CTRL & 0x10000 ) == 1 );
        ^~~~~~~~~~~~~~~~~~~~~~~~~~~~~
        (                            )
../Core/Src/LED_API.c: In function 'SysTick_Handler':
../Core/Src/LED_API.c:126:8: warning: unused variable 'debug_char' [-Wunused-variable]
  char *debug_char = "|--|\n";
        ^~~~~~~~~~
../Core/Src/LED_API.c: In function 'UpdateApiCheck':
../Core/Src/LED_API.c:141:8: warning: unused variable 'debug_char' [-Wunused-variable]
  char *debug_char = "|--|\n";
        ^~~~~~~~~~
arm-none-eabi-gcc -o "UART LED Part1.elf" @"objects.list"   -mcpu=cortex-m4 -T"C:\Users\bendr\STM32CubeIDE\workspace_1.5.1\UART LED Part1\STM32L476RGTX_FLASH.ld" --specs=nosys.specs -Wl,-Map="UART LED Part1.map" -Wl,--gc-sections -static --specs=nano.specs -mfpu=fpv4-sp-d16 -mfloat-abi=hard -mthumb -Wl,--start-group -lc -lm -Wl,--end-group
Finished building target: UART LED Part1.elf
 
arm-none-eabi-objdump -h -S  UART\ LED\ Part1.elf  > "UART LED Part1.list"
arm-none-eabi-objcopy  -O binary  UART\ LED\ Part1.elf  "UART LED Part1.bin"
arm-none-eabi-size   UART\ LED\ Part1.elf 
   text	   data	    bss	    dec	    hex	filename
   3612	      8	   1576	   5196	   144c	UART LED Part1.elf
Finished building: default.size.stdout
 
Finished building: UART LED Part1.bin
Finished building: UART LED Part1.list
 
 
00:56:02 **** Incremental Build of configuration Debug for project UART LED Part1 ****
make -j8 all 
arm-none-eabi-gcc "../Core/Src/LED_API.c" -mcpu=cortex-m4 -std=gnu11 -g3 -DUSE_HAL_DRIVER -DSTM32L476xx -DDEBUG -c -I../Core/Inc -I../Drivers/STM32L4xx_HAL_Driver/Inc -I../Drivers/STM32L4xx_HAL_Driver/Inc/Legacy -I../Drivers/CMSIS/Device/ST/STM32L4xx/Include -I../Drivers/CMSIS/Include -O0 -ffunction-sections -fdata-sections -Wall -fstack-usage -MMD -MP -MF"Core/Src/LED_API.d" -MT"Core/Src/LED_API.o" --specs=nano.specs -mfpu=fpv4-sp-d16 -mfloat-abi=hard -mthumb -o "Core/Src/LED_API.o"
../Core/Src/LED_API.c: In function 'delay_systick':
../Core/Src/LED_API.c:42:38: warning: logical not is only applied to the left hand side of comparison [-Wlogical-not-parentheses]
  while(! ( SysTick->CTRL & 0x10000 ) == 1 );
                                      ^~
../Core/Src/LED_API.c:42:8: note: add parentheses around left hand side expression to silence this warning
  while(! ( SysTick->CTRL & 0x10000 ) == 1 );
        ^~~~~~~~~~~~~~~~~~~~~~~~~~~~~
        (                            )
../Core/Src/LED_API.c: In function 'UpdateApiCheck':
../Core/Src/LED_API.c:144:8: warning: unused variable 'debug_char' [-Wunused-variable]
  char *debug_char = "|--|\n";
        ^~~~~~~~~~
arm-none-eabi-gcc -o "UART LED Part1.elf" @"objects.list"   -mcpu=cortex-m4 -T"C:\Users\bendr\STM32CubeIDE\workspace_1.5.1\UART LED Part1\STM32L476RGTX_FLASH.ld" --specs=nosys.specs -Wl,-Map="UART LED Part1.map" -Wl,--gc-sections -static --specs=nano.specs -mfpu=fpv4-sp-d16 -mfloat-abi=hard -mthumb -Wl,--start-group -lc -lm -Wl,--end-group
Finished building target: UART LED Part1.elf
 
arm-none-eabi-objdump -h -S  UART\ LED\ Part1.elf  > "UART LED Part1.list"
arm-none-eabi-objcopy  -O binary  UART\ LED\ Part1.elf  "UART LED Part1.bin"
arm-none-eabi-size   UART\ LED\ Part1.elf 
   text	   data	    bss	    dec	    hex	filename
   3648	      8	   1576	   5232	   1470	UART LED Part1.elf
Finished building: default.size.stdout
 
Finished building: UART LED Part1.bin
 
Finished building: UART LED Part1.list
 
00:56:30 **** Incremental Build of configuration Debug for project UART LED Part1 ****
make -j8 all 
arm-none-eabi-gcc "../Core/Src/LED_API.c" -mcpu=cortex-m4 -std=gnu11 -g3 -DUSE_HAL_DRIVER -DSTM32L476xx -DDEBUG -c -I../Core/Inc -I../Drivers/STM32L4xx_HAL_Driver/Inc -I../Drivers/STM32L4xx_HAL_Driver/Inc/Legacy -I../Drivers/CMSIS/Device/ST/STM32L4xx/Include -I../Drivers/CMSIS/Include -O0 -ffunction-sections -fdata-sections -Wall -fstack-usage -MMD -MP -MF"Core/Src/LED_API.d" -MT"Core/Src/LED_API.o" --specs=nano.specs -mfpu=fpv4-sp-d16 -mfloat-abi=hard -mthumb -o "Core/Src/LED_API.o"
../Core/Src/LED_API.c: In function 'delay_systick':
../Core/Src/LED_API.c:42:38: warning: logical not is only applied to the left hand side of comparison [-Wlogical-not-parentheses]
  while(! ( SysTick->CTRL & 0x10000 ) == 1 );
                                      ^~
../Core/Src/LED_API.c:42:8: note: add parentheses around left hand side expression to silence this warning
  while(! ( SysTick->CTRL & 0x10000 ) == 1 );
        ^~~~~~~~~~~~~~~~~~~~~~~~~~~~~
        (                            )
../Core/Src/LED_API.c: In function 'SysTick_Handler':
../Core/Src/LED_API.c:126:8: warning: unused variable 'debug_char' [-Wunused-variable]
  char *debug_char = "|--|\n";
        ^~~~~~~~~~
../Core/Src/LED_API.c: In function 'UpdateApiCheck':
../Core/Src/LED_API.c:142:8: warning: unused variable 'debug_char' [-Wunused-variable]
  char *debug_char = "|--|\n";
        ^~~~~~~~~~
arm-none-eabi-gcc -o "UART LED Part1.elf" @"objects.list"   -mcpu=cortex-m4 -T"C:\Users\bendr\STM32CubeIDE\workspace_1.5.1\UART LED Part1\STM32L476RGTX_FLASH.ld" --specs=nosys.specs -Wl,-Map="UART LED Part1.map" -Wl,--gc-sections -static --specs=nano.specs -mfpu=fpv4-sp-d16 -mfloat-abi=hard -mthumb -Wl,--start-group -lc -lm -Wl,--end-group
Finished building target: UART LED Part1.elf
 
arm-none-eabi-objdump -h -S  UART\ LED\ Part1.elf  > "UART LED Part1.list"
arm-none-eabi-objcopy  -O binary  UART\ LED\ Part1.elf  "UART LED Part1.bin"
arm-none-eabi-size   UART\ LED\ Part1.elf 
   text	   data	    bss	    dec	    hex	filename
   3624	      8	   1576	   5208	   1458	UART LED Part1.elf
Finished building: default.size.stdout
 
Finished building: UART LED Part1.bin
 
Finished building: UART LED Part1.list
 
00:56:37 **** Incremental Build of configuration Debug for project UART LED Part1 ****
make -j8 all 
arm-none-eabi-gcc "../Core/Src/LED_API.c" -mcpu=cortex-m4 -std=gnu11 -g3 -DUSE_HAL_DRIVER -DSTM32L476xx -DDEBUG -c -I../Core/Inc -I../Drivers/STM32L4xx_HAL_Driver/Inc -I../Drivers/STM32L4xx_HAL_Driver/Inc/Legacy -I../Drivers/CMSIS/Device/ST/STM32L4xx/Include -I../Drivers/CMSIS/Include -O0 -ffunction-sections -fdata-sections -Wall -fstack-usage -MMD -MP -MF"Core/Src/LED_API.d" -MT"Core/Src/LED_API.o" --specs=nano.specs -mfpu=fpv4-sp-d16 -mfloat-abi=hard -mthumb -o "Core/Src/LED_API.o"
../Core/Src/LED_API.c: In function 'delay_systick':
../Core/Src/LED_API.c:42:38: warning: logical not is only applied to the left hand side of comparison [-Wlogical-not-parentheses]
  while(! ( SysTick->CTRL & 0x10000 ) == 1 );
                                      ^~
../Core/Src/LED_API.c:42:8: note: add parentheses around left hand side expression to silence this warning
  while(! ( SysTick->CTRL & 0x10000 ) == 1 );
        ^~~~~~~~~~~~~~~~~~~~~~~~~~~~~
        (                            )
../Core/Src/LED_API.c: In function 'UpdateApiCheck':
../Core/Src/LED_API.c:142:8: warning: unused variable 'debug_char' [-Wunused-variable]
  char *debug_char = "|--|\n";
        ^~~~~~~~~~
arm-none-eabi-gcc -o "UART LED Part1.elf" @"objects.list"   -mcpu=cortex-m4 -T"C:\Users\bendr\STM32CubeIDE\workspace_1.5.1\UART LED Part1\STM32L476RGTX_FLASH.ld" --specs=nosys.specs -Wl,-Map="UART LED Part1.map" -Wl,--gc-sections -static --specs=nano.specs -mfpu=fpv4-sp-d16 -mfloat-abi=hard -mthumb -Wl,--start-group -lc -lm -Wl,--end-group
Finished building target: UART LED Part1.elf
 
arm-none-eabi-objdump -h -S  UART\ LED\ Part1.elf  > "UART LED Part1.list"
arm-none-eabi-objcopy  -O binary  UART\ LED\ Part1.elf  "UART LED Part1.bin"
arm-none-eabi-size   UART\ LED\ Part1.elf 
   text	   data	    bss	    dec	    hex	filename
   3640	      8	   1576	   5224	   1468	UART LED Part1.elf
Finished building: default.size.stdout
 
Finished building: UART LED Part1.bin
Finished building: UART LED Part1.list
 
 
00:56:54 **** Incremental Build of configuration Debug for project UART LED Part1 ****
make -j8 all 
arm-none-eabi-gcc "../Core/Src/LED_API.c" -mcpu=cortex-m4 -std=gnu11 -g3 -DUSE_HAL_DRIVER -DSTM32L476xx -DDEBUG -c -I../Core/Inc -I../Drivers/STM32L4xx_HAL_Driver/Inc -I../Drivers/STM32L4xx_HAL_Driver/Inc/Legacy -I../Drivers/CMSIS/Device/ST/STM32L4xx/Include -I../Drivers/CMSIS/Include -O0 -ffunction-sections -fdata-sections -Wall -fstack-usage -MMD -MP -MF"Core/Src/LED_API.d" -MT"Core/Src/LED_API.o" --specs=nano.specs -mfpu=fpv4-sp-d16 -mfloat-abi=hard -mthumb -o "Core/Src/LED_API.o"
../Core/Src/LED_API.c: In function 'delay_systick':
../Core/Src/LED_API.c:42:38: warning: logical not is only applied to the left hand side of comparison [-Wlogical-not-parentheses]
  while(! ( SysTick->CTRL & 0x10000 ) == 1 );
                                      ^~
../Core/Src/LED_API.c:42:8: note: add parentheses around left hand side expression to silence this warning
  while(! ( SysTick->CTRL & 0x10000 ) == 1 );
        ^~~~~~~~~~~~~~~~~~~~~~~~~~~~~
        (                            )
../Core/Src/LED_API.c: In function 'UpdateApiCheck':
../Core/Src/LED_API.c:142:8: warning: unused variable 'debug_char' [-Wunused-variable]
  char *debug_char = "|--|\n";
        ^~~~~~~~~~
arm-none-eabi-gcc -o "UART LED Part1.elf" @"objects.list"   -mcpu=cortex-m4 -T"C:\Users\bendr\STM32CubeIDE\workspace_1.5.1\UART LED Part1\STM32L476RGTX_FLASH.ld" --specs=nosys.specs -Wl,-Map="UART LED Part1.map" -Wl,--gc-sections -static --specs=nano.specs -mfpu=fpv4-sp-d16 -mfloat-abi=hard -mthumb -Wl,--start-group -lc -lm -Wl,--end-group
Finished building target: UART LED Part1.elf
 
arm-none-eabi-objdump -h -S  UART\ LED\ Part1.elf  > "UART LED Part1.list"
arm-none-eabi-objcopy  -O binary  UART\ LED\ Part1.elf  "UART LED Part1.bin"
arm-none-eabi-size   UART\ LED\ Part1.elf 
   text	   data	    bss	    dec	    hex	filename
   3640	      8	   1576	   5224	   1468	UART LED Part1.elf
Finished building: default.size.stdout
 
Finished building: UART LED Part1.bin
 
Finished building: UART LED Part1.list
 
00:58:51 **** Incremental Build of configuration Debug for project UART LED Part1 ****
make -j8 all 
arm-none-eabi-gcc "../Core/Src/LED_API.c" -mcpu=cortex-m4 -std=gnu11 -g3 -DUSE_HAL_DRIVER -DSTM32L476xx -DDEBUG -c -I../Core/Inc -I../Drivers/STM32L4xx_HAL_Driver/Inc -I../Drivers/STM32L4xx_HAL_Driver/Inc/Legacy -I../Drivers/CMSIS/Device/ST/STM32L4xx/Include -I../Drivers/CMSIS/Include -O0 -ffunction-sections -fdata-sections -Wall -fstack-usage -MMD -MP -MF"Core/Src/LED_API.d" -MT"Core/Src/LED_API.o" --specs=nano.specs -mfpu=fpv4-sp-d16 -mfloat-abi=hard -mthumb -o "Core/Src/LED_API.o"
../Core/Src/LED_API.c: In function 'delay_systick':
../Core/Src/LED_API.c:42:38: warning: logical not is only applied to the left hand side of comparison [-Wlogical-not-parentheses]
  while(! ( SysTick->CTRL & 0x10000 ) == 1 );
                                      ^~
../Core/Src/LED_API.c:42:8: note: add parentheses around left hand side expression to silence this warning
  while(! ( SysTick->CTRL & 0x10000 ) == 1 );
        ^~~~~~~~~~~~~~~~~~~~~~~~~~~~~
        (                            )
../Core/Src/LED_API.c: In function 'UpdateApiCheck':
../Core/Src/LED_API.c:142:8: warning: unused variable 'debug_char' [-Wunused-variable]
  char *debug_char = "|--|\n";
        ^~~~~~~~~~
[...]
arm-none-eabi-gcc "../Drivers/STM32L4xx_HAL_Driver/Src/stm32l4xx_hal_cortex.c" -mcpu=cortex-m4 -std=gnu11 -g3 -DUSE_HAL_DRIVER -DSTM32L476xx -DDEBUG -c -I../Core/Inc -I../Drivers/STM32L4xx_HAL_Driver/Inc -I../Drivers/STM32L4xx_HAL_Driver/Inc/Legacy -I../Drivers/CMSIS/Device/ST/STM32L4xx/Include -I../Drivers/CMSIS/Include -O0 -ffunction-sections -fdata-sections -Wall -fstack-usage -MMD -MP -MF"Drivers/STM32L4xx_HAL_Driver/Src/stm32l4xx_hal_cortex.d" -MT"Drivers/STM32L4xx_HAL_Driver/Src/stm32l4xx_hal_cortex.o" --specs=nano.specs -mfpu=fpv4-sp-d16 -mfloat-abi=hard -mthumb -o "Drivers/STM32L4xx_HAL_Driver/Src/stm32l4xx_hal_cortex.o"
arm-none-eabi-gcc "../Drivers/STM32L4xx_HAL_Driver/Src/stm32l4xx_hal_dma.c" -mcpu=cortex-m4 -std=gnu11 -g3 -DUSE_HAL_DRIVER -DSTM32L476xx -DDEBUG -c -I../Core/Inc -I../Drivers/STM32L4xx_HAL_Driver/Inc -I../Drivers/STM32L4xx_HAL_Driver/Inc/Legacy -I../Drivers/CMSIS/Device/ST/STM32L4xx/Include -I../Drivers/CMSIS/Include -O0 -ffunction-sections -fdata-sections -Wall -fstack-usage -MMD -MP -MF"Drivers/STM32L4xx_HAL_Driver/Src/stm32l4xx_hal_dma.d" -MT"Drivers/STM32L4xx_HAL_Driver/Src/stm32l4xx_hal_dma.o" --specs=nano.specs -mfpu=fpv4-sp-d16 -mfloat-abi=hard -mthumb -o "Drivers/STM32L4xx_HAL_Driver/Src/stm32l4xx_hal_dma.o"
arm-none-eabi-gcc "../Drivers/STM32L4xx_HAL_Driver/Src/stm32l4xx_hal_dma_ex.c" -mcpu=cortex-m4 -std=gnu11 -g3 -DUSE_HAL_DRIVER -DSTM32L476xx -DDEBUG -c -I../Core/Inc -I../Drivers/STM32L4xx_HAL_Driver/Inc -I../Drivers/STM32L4xx_HAL_Driver/Inc/Legacy -I../Drivers/CMSIS/Device/ST/STM32L4xx/Include -I../Drivers/CMSIS/Include -O0 -ffunction-sections -fdata-sections -Wall -fstack-usage -MMD -MP -MF"Drivers/STM32L4xx_HAL_Driver/Src/stm32l4xx_hal_dma_ex.d" -MT"Drivers/STM32L4xx_HAL_Driver/Src/stm32l4xx_hal_dma_ex.o" --specs=nano.specs -mfpu=fpv4-sp-d16 -mfloat-abi=hard -mthumb -o "Drivers/STM32L4xx_HAL_Driver/Src/stm32l4xx_hal_dma_ex.o"
arm-none-eabi-gcc "../Drivers/STM32L4xx_HAL_Driver/Src/stm32l4xx_hal_exti.c" -mcpu=cortex-m4 -std=gnu11 -g3 -DUSE_HAL_DRIVER -DSTM32L476xx -DDEBUG -c -I../Core/Inc -I../Drivers/STM32L4xx_HAL_Driver/Inc -I../Drivers/STM32L4xx_HAL_Driver/Inc/Legacy -I../Drivers/CMSIS/Device/ST/STM32L4xx/Include -I../Drivers/CMSIS/Include -O0 -ffunction-sections -fdata-sections -Wall -fstack-usage -MMD -MP -MF"Drivers/STM32L4xx_HAL_Driver/Src/stm32l4xx_hal_exti.d" -MT"Drivers/STM32L4xx_HAL_Driver/Src/stm32l4xx_hal_exti.o" --specs=nano.specs -mfpu=fpv4-sp-d16 -mfloat-abi=hard -mthumb -o "Drivers/STM32L4xx_HAL_Driver/Src/stm32l4xx_hal_exti.o"
arm-none-eabi-gcc "../Drivers/STM32L4xx_HAL_Driver/Src/stm32l4xx_hal_flash.c" -mcpu=cortex-m4 -std=gnu11 -g3 -DUSE_HAL_DRIVER -DSTM32L476xx -DDEBUG -c -I../Core/Inc -I../Drivers/STM32L4xx_HAL_Driver/Inc -I../Drivers/STM32L4xx_HAL_Driver/Inc/Legacy -I../Drivers/CMSIS/Device/ST/STM32L4xx/Include -I../Drivers/CMSIS/Include -O0 -ffunction-sections -fdata-sections -Wall -fstack-usage -MMD -MP -MF"Drivers/STM32L4xx_HAL_Driver/Src/stm32l4xx_hal_flash.d" -MT"Drivers/STM32L4xx_HAL_Driver/Src/stm32l4xx_hal_flash.o" --specs=nano.specs -mfpu=fpv4-sp-d16 -mfloat-abi=hard -mthumb -o "Drivers/STM32L4xx_HAL_Driver/Src/stm32l4xx_hal_flash.o"
arm-none-eabi-gcc "../Drivers/STM32L4xx_HAL_Driver/Src/stm32l4xx_hal_flash_ex.c" -mcpu=cortex-m4 -std=gnu11 -g3 -DUSE_HAL_DRIVER -DSTM32L476xx -DDEBUG -c -I../Core/Inc -I../Drivers/STM32L4xx_HAL_Driver/Inc -I../Drivers/STM32L4xx_HAL_Driver/Inc/Legacy -I../Drivers/CMSIS/Device/ST/STM32L4xx/Include -I../Drivers/CMSIS/Include -O0 -ffunction-sections -fdata-sections -Wall -fstack-usage -MMD -MP -MF"Drivers/STM32L4xx_HAL_Driver/Src/stm32l4xx_hal_flash_ex.d" -MT"Drivers/STM32L4xx_HAL_Driver/Src/stm32l4xx_hal_flash_ex.o" --specs=nano.specs -mfpu=fpv4-sp-d16 -mfloat-abi=hard -mthumb -o "Drivers/STM32L4xx_HAL_Driver/Src/stm32l4xx_hal_flash_ex.o"
arm-none-eabi-gcc "../Drivers/STM32L4xx_HAL_Driver/Src/stm32l4xx_hal_flash_ramfunc.c" -mcpu=cortex-m4 -std=gnu11 -g3 -DUSE_HAL_DRIVER -DSTM32L476xx -DDEBUG -c -I../Core/Inc -I../Drivers/STM32L4xx_HAL_Driver/Inc -I../Drivers/STM32L4xx_HAL_Driver/Inc/Legacy -I../Drivers/CMSIS/Device/ST/STM32L4xx/Include -I../Drivers/CMSIS/Include -O0 -ffunction-sections -fdata-sections -Wall -fstack-usage -MMD -MP -MF"Drivers/STM32L4xx_HAL_Driver/Src/stm32l4xx_hal_flash_ramfunc.d" -MT"Drivers/STM32L4xx_HAL_Driver/Src/stm32l4xx_hal_flash_ramfunc.o" --specs=nano.specs -mfpu=fpv4-sp-d16 -mfloat-abi=hard -mthumb -o "Drivers/STM32L4xx_HAL_Driver/Src/stm32l4xx_hal_flash_ramfunc.o"
arm-none-eabi-gcc "../Drivers/STM32L4xx_HAL_Driver/Src/stm32l4xx_hal_gpio.c" -mcpu=cortex-m4 -std=gnu11 -g3 -DUSE_HAL_DRIVER -DSTM32L476xx -DDEBUG -c -I../Core/Inc -I../Drivers/STM32L4xx_HAL_Driver/Inc -I../Drivers/STM32L4xx_HAL_Driver/Inc/Legacy -I../Drivers/CMSIS/Device/ST/STM32L4xx/Include -I../Drivers/CMSIS/Include -O0 -ffunction-sections -fdata-sections -Wall -fstack-usage -MMD -MP -MF"Drivers/STM32L4xx_HAL_Driver/Src/stm32l4xx_hal_gpio.d" -MT"Drivers/STM32L4xx_HAL_Driver/Src/stm32l4xx_hal_gpio.o" --specs=nano.specs -mfpu=fpv4-sp-d16 -mfloat-abi=hard -mthumb -o "Drivers/STM32L4xx_HAL_Driver/Src/stm32l4xx_hal_gpio.o"
arm-none-eabi-gcc "../Drivers/STM32L4xx_HAL_Driver/Src/stm32l4xx_hal_i2c.c" -mcpu=cortex-m4 -std=gnu11 -g3 -DUSE_HAL_DRIVER -DSTM32L476xx -DDEBUG -c -I../Core/Inc -I../Drivers/STM32L4xx_HAL_Driver/Inc -I../Drivers/STM32L4xx_HAL_Driver/Inc/Legacy -I../Drivers/CMSIS/Device/ST/STM32L4xx/Include -I../Drivers/CMSIS/Include -O0 -ffunction-sections -fdata-sections -Wall -fstack-usage -MMD -MP -MF"Drivers/STM32L4xx_HAL_Driver/Src/stm32l4xx_hal_i2c.d" -MT"Drivers/STM32L4xx_HAL_Driver/Src/stm32l4xx_hal_i2c.o" --specs=nano.specs -mfpu=fpv4-sp-d16 -mfloat-abi=hard -mthumb -o "Drivers/STM32L4xx_HAL_Driver/Src/stm32l4xx_hal_i2c.o"
arm-none-eabi-gcc "../Drivers/STM32L4xx_HAL_Driver/Src/stm32l4xx_hal_i2c_ex.c" -mcpu=cortex-m4 -std=gnu11 -g3 -DUSE_HAL_DRIVER -DSTM32L476xx -DDEBUG -c -I../Core/Inc -I../Drivers/STM32L4xx_HAL_Driver/Inc -I../Drivers/STM32L4xx_HAL_Driver/Inc/Legacy -I../Drivers/CMSIS/Device/ST/STM32L4xx/Include -I../Drivers/CMSIS/Include -O0 -ffunction-sections -fdata-sections -Wall -fstack-usage -MMD -MP -MF"Drivers/STM32L4xx_HAL_Driver/Src/stm32l4xx_hal_i2c_ex.d" -MT"Drivers/STM32L4xx_HAL_Driver/Src/stm32l4xx_hal_i2c_ex.o" --specs=nano.specs -mfpu=fpv4-sp-d16 -mfloat-abi=hard -mthumb -o "Drivers/STM32L4xx_HAL_Driver/Src/stm32l4xx_hal_i2c_ex.o"
arm-none-eabi-gcc "../Drivers/STM32L4xx_HAL_Driver/Src/stm32l4xx_hal_pwr.c" -mcpu=cortex-m4 -std=gnu11 -g3 -DUSE_HAL_DRIVER -DSTM32L476xx -DDEBUG -c -I../Core/Inc -I../Drivers/STM32L4xx_HAL_Driver/Inc -I../Drivers/STM32L4xx_HAL_Driver/Inc/Legacy -I../Drivers/CMSIS/Device/ST/STM32L4xx/Include -I../Drivers/CMSIS/Include -O0 -ffunction-sections -fdata-sections -Wall -fstack-usage -MMD -MP -MF"Drivers/STM32L4xx_HAL_Driver/Src/stm32l4xx_hal_pwr.d" -MT"Drivers/STM32L4xx_HAL_Driver/Src/stm32l4xx_hal_pwr.o" --specs=nano.specs -mfpu=fpv4-sp-d16 -mfloat-abi=hard -mthumb -o "Drivers/STM32L4xx_HAL_Driver/Src/stm32l4xx_hal_pwr.o"
arm-none-eabi-gcc "../Drivers/STM32L4xx_HAL_Driver/Src/stm32l4xx_hal_pwr_ex.c" -mcpu=cortex-m4 -std=gnu11 -g3 -DUSE_HAL_DRIVER -DSTM32L476xx -DDEBUG -c -I../Core/Inc -I../Drivers/STM32L4xx_HAL_Driver/Inc -I../Drivers/STM32L4xx_HAL_Driver/Inc/Legacy -I../Drivers/CMSIS/Device/ST/STM32L4xx/Include -I../Drivers/CMSIS/Include -O0 -ffunction-sections -fdata-sections -Wall -fstack-usage -MMD -MP -MF"Drivers/STM32L4xx_HAL_Driver/Src/stm32l4xx_hal_pwr_ex.d" -MT"Drivers/STM32L4xx_HAL_Driver/Src/stm32l4xx_hal_pwr_ex.o" --specs=nano.specs -mfpu=fpv4-sp-d16 -mfloat-abi=hard -mthumb -o "Drivers/STM32L4xx_HAL_Driver/Src/stm32l4xx_hal_pwr_ex.o"
arm-none-eabi-gcc "../Drivers/STM32L4xx_HAL_Driver/Src/stm32l4xx_hal_rcc.c" -mcpu=cortex-m4 -std=gnu11 -g3 -DUSE_HAL_DRIVER -DSTM32L476xx -DDEBUG -c -I../Core/Inc -I../Drivers/STM32L4xx_HAL_Driver/Inc -I../Drivers/STM32L4xx_HAL_Driver/Inc/Legacy -I../Drivers/CMSIS/Device/ST/STM32L4xx/Include -I../Drivers/CMSIS/Include -O0 -ffunction-sections -fdata-sections -Wall -fstack-usage -MMD -MP -MF"Drivers/STM32L4xx_HAL_Driver/Src/stm32l4xx_hal_rcc.d" -MT"Drivers/STM32L4xx_HAL_Driver/Src/stm32l4xx_hal_rcc.o" --specs=nano.specs -mfpu=fpv4-sp-d16 -mfloat-abi=hard -mthumb -o "Drivers/STM32L4xx_HAL_Driver/Src/stm32l4xx_hal_rcc.o"
arm-none-eabi-gcc "../Drivers/STM32L4xx_HAL_Driver/Src/stm32l4xx_hal_rcc_ex.c" -mcpu=cortex-m4 -std=gnu11 -g3 -DUSE_HAL_DRIVER -DSTM32L476xx -DDEBUG -c -I../Core/Inc -I../Drivers/STM32L4xx_HAL_Driver/Inc -I../Drivers/STM32L4xx_HAL_Driver/Inc/Legacy -I../Drivers/CMSIS/Device/ST/STM32L4xx/Include -I../Drivers/CMSIS/Include -O0 -ffunction-sections -fdata-sections -Wall -fstack-usage -MMD -MP -MF"Drivers/STM32L4xx_HAL_Driver/Src/stm32l4xx_hal_rcc_ex.d" -MT"Drivers/STM32L4xx_HAL_Driver/Src/stm32l4xx_hal_rcc_ex.o" --specs=nano.specs -mfpu=fpv4-sp-d16 -mfloat-abi=hard -mthumb -o "Drivers/STM32L4xx_HAL_Driver/Src/stm32l4xx_hal_rcc_ex.o"
arm-none-eabi-gcc "../Drivers/STM32L4xx_HAL_Driver/Src/stm32l4xx_hal_tim.c" -mcpu=cortex-m4 -std=gnu11 -g3 -DUSE_HAL_DRIVER -DSTM32L476xx -DDEBUG -c -I../Core/Inc -I../Drivers/STM32L4xx_HAL_Driver/Inc -I../Drivers/STM32L4xx_HAL_Driver/Inc/Legacy -I../Drivers/CMSIS/Device/ST/STM32L4xx/Include -I../Drivers/CMSIS/Include -O0 -ffunction-sections -fdata-sections -Wall -fstack-usage -MMD -MP -MF"Drivers/STM32L4xx_HAL_Driver/Src/stm32l4xx_hal_tim.d" -MT"Drivers/STM32L4xx_HAL_Driver/Src/stm32l4xx_hal_tim.o" --specs=nano.specs -mfpu=fpv4-sp-d16 -mfloat-abi=hard -mthumb -o "Drivers/STM32L4xx_HAL_Driver/Src/stm32l4xx_hal_tim.o"
arm-none-eabi-gcc "../Drivers/STM32L4xx_HAL_Driver/Src/stm32l4xx_hal_tim_ex.c" -mcpu=cortex-m4 -std=gnu11 -g3 -DUSE_HAL_DRIVER -DSTM32L476xx -DDEBUG -c -I../Core/Inc -I../Drivers/STM32L4xx_HAL_Driver/Inc -I../Drivers/STM32L4xx_HAL_Driver/Inc/Legacy -I../Drivers/CMSIS/Device/ST/STM32L4xx/Include -I../Drivers/CMSIS/Include -O0 -ffunction-sections -fdata-sections -Wall -fstack-usage -MMD -MP -MF"Drivers/STM32L4xx_HAL_Driver/Src/stm32l4xx_hal_tim_ex.d" -MT"Drivers/STM32L4xx_HAL_Driver/Src/stm32l4xx_hal_tim_ex.o" --specs=nano.specs -mfpu=fpv4-sp-d16 -mfloat-abi=hard -mthumb -o "Drivers/STM32L4xx_HAL_Driver/Src/stm32l4xx_hal_tim_ex.o"
arm-none-eabi-gcc -mcpu=cortex-m4 -g3 -c -x assembler-with-cpp -MMD -MP -MF"Core/Startup/startup_stm32l476rgtx.d" -MT"Core/Startup/startup_stm32l476rgtx.o" --specs=nano.specs -mfpu=fpv4-sp-d16 -mfloat-abi=hard -mthumb -o "Core/Startup/startup_stm32l476rgtx.o" "../Core/Startup/startup_stm32l476rgtx.s"
arm-none-eabi-gcc "../Core/Src/LED.c" -mcpu=cortex-m4 -std=gnu11 -g3 -DUSE_HAL_DRIVER -DSTM32L476xx -DDEBUG -c -I../Core/Inc -I../Drivers/STM32L4xx_HAL_Driver/Inc -I../Drivers/STM32L4xx_HAL_Driver/Inc/Legacy -I../Drivers/CMSIS/Device/ST/STM32L4xx/Include -I../Drivers/CMSIS/Include -O0 -ffunction-sections -fdata-sections -Wall -fstack-usage -MMD -MP -MF"Core/Src/LED.d" -MT"Core/Src/LED.o" --specs=nano.specs -mfpu=fpv4-sp-d16 -mfloat-abi=hard -mthumb -o "Core/Src/LED.o"
arm-none-eabi-gcc "../Core/Src/LED_API.c" -mcpu=cortex-m4 -std=gnu11 -g3 -DUSE_HAL_DRIVER -DSTM32L476xx -DDEBUG -c -I../Core/Inc -I../Drivers/STM32L4xx_HAL_Driver/Inc -I../Drivers/STM32L4xx_HAL_Driver/Inc/Legacy -I../Drivers/CMSIS/Device/ST/STM32L4xx/Include -I../Drivers/CMSIS/Include -O0 -ffunction-sections -fdata-sections -Wall -fstack-usage -MMD -MP -MF"Core/Src/LED_API.d" -MT"Core/Src/LED_API.o" --specs=nano.specs -mfpu=fpv4-sp-d16 -mfloat-abi=hard -mthumb -o "Core/Src/LED_API.o"
arm-none-eabi-gcc "../Core/Src/SysClock.c" -mcpu=cortex-m4 -std=gnu11 -g3 -DUSE_HAL_DRIVER -DSTM32L476xx -DDEBUG -c -I../Core/Inc -I../Drivers/STM32L4xx_HAL_Driver/Inc -I../Drivers/STM32L4xx_HAL_Driver/Inc/Legacy -I../Drivers/CMSIS/Device/ST/STM32L4xx/Include -I../Drivers/CMSIS/Include -O0 -ffunction-sections -fdata-sections -Wall -fstack-usage -MMD -MP -MF"Core/Src/SysClock.d" -MT"Core/Src/SysClock.o" --specs=nano.specs -mfpu=fpv4-sp-d16 -mfloat-abi=hard -mthumb -o "Core/Src/SysClock.o"
arm-none-eabi-gcc "../Core/Src/UART.c" -mcpu=cortex-m4 -std=gnu11 -g3 -DUSE_HAL_DRIVER -DSTM32L476xx -DDEBUG -c -I../Core/Inc -I../Drivers/STM32L4xx_HAL_Driver/Inc -I../Drivers/STM32L4xx_HAL_Driver/Inc/Legacy -I../Drivers/CMSIS/Device/ST/STM32L4xx/Include -I../Drivers/CMSIS/Include -O0 -ffunction-sections -fdata-sections -Wall -fstack-usage -MMD -MP -MF"Core/Src/UART.d" -MT"Core/Src/UART.o" --specs=nano.specs -mfpu=fpv4-sp-d16 -mfloat-abi=hard -mthumb -o "Core/Src/UART.o"
arm-none-eabi-gcc "../Core/Src/main.c" -mcpu=cortex-m4 -std=gnu11 -g3 -DUSE_HAL_DRIVER -DSTM32L476xx -DDEBUG -c -I../Core/Inc -I../Drivers/STM32L4xx_HAL_Driver/Inc -I../Drivers/STM32L4xx_HAL_Driver/Inc/Legacy -I../Drivers/CMSIS/Device/ST/STM32L4xx/Include -I../Drivers/CMSIS/Include -O0 -ffunction-sections -fdata-sections -Wall -fstack-usage -MMD -MP -MF"Core/Src/main.d" -MT"Core/Src/main.o" --specs=nano.specs -mfpu=fpv4-sp-d16 -mfloat-abi=hard -mthumb -o "Core/Src/main.o"
arm-none-eabi-gcc "../Core/Src/syscalls.c" -mcpu=cortex-m4 -std=gnu11 -g3 -DUSE_HAL_DRIVER -DSTM32L476xx -DDEBUG -c -I../Core/Inc -I../Drivers/STM32L4xx_HAL_Driver/Inc -I../Drivers/STM32L4xx_HAL_Driver/Inc/Legacy -I../Drivers/CMSIS/Device/ST/STM32L4xx/Include -I../Drivers/CMSIS/Include -O0 -ffunction-sections -fdata-sections -Wall -fstack-usage -MMD -MP -MF"Core/Src/syscalls.d" -MT"Core/Src/syscalls.o" --specs=nano.specs -mfpu=fpv4-sp-d16 -mfloat-abi=hard -mthumb -o "Core/Src/syscalls.o"
arm-none-eabi-gcc "../Core/Src/sysmem.c" -mcpu=cortex-m4 -std=gnu11 -g3 -DUSE_HAL_DRIVER -DSTM32L476xx -DDEBUG -c -I../Core/Inc -I../Drivers/STM32L4xx_HAL_Driver/Inc -I../Drivers/STM32L4xx_HAL_Driver/Inc/Legacy -I../Drivers/CMSIS/Device/ST/STM32L4xx/Include -I../Drivers/CMSIS/Include -O0 -ffunction-sections -fdata-sections -Wall -fstack-usage -MMD -MP -MF"Core/Src/sysmem.d" -MT"Core/Src/sysmem.o" --specs=nano.specs -mfpu=fpv4-sp-d16 -mfloat-abi=hard -mthumb -o "Core/Src/sysmem.o"
../Core/Src/main.c:9:10: fatal error: demo.h: No such file or directory
 #include "demo.h"
          ^~~~~~~~
compilation terminated.
make: *** [Core/Src/subdir.mk:47: Core/Src/main.o] Error 1
make: *** Waiting for unfinished jobs....
../Core/Src/LED_API.c: In function 'delay_systick':
../Core/Src/LED_API.c:40:38: warning: logical not is only applied to the left hand side of comparison [-Wlogical-not-parentheses]
  while(! ( SysTick->CTRL & 0x10000 ) == 1 );
                                      ^~
../Core/Src/LED_API.c:40:8: note: add parentheses around left hand side expression to silence this warning
  while(! ( SysTick->CTRL & 0x10000 ) == 1 );
        ^~~~~~~~~~~~~~~~~~~~~~~~~~~~~
        (                            )
"make -j8 all" terminated with exit code 2. Build might be incomplete.
12:09:45 **** Incremental Build of configuration Debug for project UART LED Part1 ****
make -j8 all 
arm-none-eabi-gcc "../Core/Src/LED_API.c" -mcpu=cortex-m4 -std=gnu11 -g3 -DUSE_HAL_DRIVER -DSTM32L476xx -DDEBUG -c -I../Core/Inc -I../Drivers/STM32L4xx_HAL_Driver/Inc -I../Drivers/STM32L4xx_HAL_Driver/Inc/Legacy -I../Drivers/CMSIS/Device/ST/STM32L4xx/Include -I../Drivers/CMSIS/Include -O0 -ffunction-sections -fdata-sections -Wall -fstack-usage -MMD -MP -MF"Core/Src/LED_API.d" -MT"Core/Src/LED_API.o" --specs=nano.specs -mfpu=fpv4-sp-d16 -mfloat-abi=hard -mthumb -o "Core/Src/LED_API.o"
arm-none-eabi-gcc "../Core/Src/main.c" -mcpu=cortex-m4 -std=gnu11 -g3 -DUSE_HAL_DRIVER -DSTM32L476xx -DDEBUG -c -I../Core/Inc -I../Drivers/STM32L4xx_HAL_Driver/Inc -I../Drivers/STM32L4xx_HAL_Driver/Inc/Legacy -I../Drivers/CMSIS/Device/ST/STM32L4xx/Include -I../Drivers/CMSIS/Include -O0 -ffunction-sections -fdata-sections -Wall -fstack-usage -MMD -MP -MF"Core/Src/main.d" -MT"Core/Src/main.o" --specs=nano.specs -mfpu=fpv4-sp-d16 -mfloat-abi=hard -mthumb -o "Core/Src/main.o"
arm-none-eabi-gcc "../Core/Src/system_stm32l4xx.c" -mcpu=cortex-m4 -std=gnu11 -g3 -DUSE_HAL_DRIVER -DSTM32L476xx -DDEBUG -c -I../Core/Inc -I../Drivers/STM32L4xx_HAL_Driver/Inc -I../Drivers/STM32L4xx_HAL_Driver/Inc/Legacy -I../Drivers/CMSIS/Device/ST/STM32L4xx/Include -I../Drivers/CMSIS/Include -O0 -ffunction-sections -fdata-sections -Wall -fstack-usage -MMD -MP -MF"Core/Src/system_stm32l4xx.d" -MT"Core/Src/system_stm32l4xx.o" --specs=nano.specs -mfpu=fpv4-sp-d16 -mfloat-abi=hard -mthumb -o "Core/Src/system_stm32l4xx.o"
../Core/Src/LED_API.c: In function 'delay_systick':
../Core/Src/LED_API.c:41:38: warning: logical not is only applied to the left hand side of comparison [-Wlogical-not-parentheses]
  while(! ( SysTick->CTRL & 0x10000 ) == 1 );
                                      ^~
../Core/Src/LED_API.c:41:8: note: add parentheses around left hand side expression to silence this warning
  while(! ( SysTick->CTRL & 0x10000 ) == 1 );
        ^~~~~~~~~~~~~~~~~~~~~~~~~~~~~
        (                            )
arm-none-eabi-gcc -o "UART LED Part1.elf" @"objects.list"   -mcpu=cortex-m4 -T"C:\Users\bendr\STM32CubeIDE\workspace_1.5.1\UART LED Part1\STM32L476RGTX_FLASH.ld" --specs=nosys.specs -Wl,-Map="UART LED Part1.map" -Wl,--gc-sections -static --specs=nano.specs -mfpu=fpv4-sp-d16 -mfloat-abi=hard -mthumb -Wl,--start-group -lc -lm -Wl,--end-group
Finished building target: UART LED Part1.elf
 
arm-none-eabi-objdump -h -S  UART\ LED\ Part1.elf  > "UART LED Part1.list"
arm-none-eabi-objcopy  -O binary  UART\ LED\ Part1.elf  "UART LED Part1.bin"
arm-none-eabi-size   UART\ LED\ Part1.elf 
   text	   data	    bss	    dec	    hex	filename
   3576	      8	   1576	   5160	   1428	UART LED Part1.elf
Finished building: default.size.stdout
 
Finished building: UART LED Part1.bin
Finished building: UART LED Part1.list
 
 
12:14:31 **** Incremental Build of configuration Debug for project UART LED Part1 ****
make -j8 all 
arm-none-eabi-gcc "../Core/Src/LED_API.c" -mcpu=cortex-m4 -std=gnu11 -g3 -DUSE_HAL_DRIVER -DSTM32L476xx -DDEBUG -c -I../Core/Inc -I../Drivers/STM32L4xx_HAL_Driver/Inc -I../Drivers/STM32L4xx_HAL_Driver/Inc/Legacy -I../Drivers/CMSIS/Device/ST/STM32L4xx/Include -I../Drivers/CMSIS/Include -O0 -ffunction-sections -fdata-sections -Wall -fstack-usage -MMD -MP -MF"Core/Src/LED_API.d" -MT"Core/Src/LED_API.o" --specs=nano.specs -mfpu=fpv4-sp-d16 -mfloat-abi=hard -mthumb -o "Core/Src/LED_API.o"
../Core/Src/LED_API.c: In function 'delay_systick':
../Core/Src/LED_API.c:41:38: warning: logical not is only applied to the left hand side of comparison [-Wlogical-not-parentheses]
  while(! ( SysTick->CTRL & 0x10000 ) == 1 );
                                      ^~
../Core/Src/LED_API.c:41:8: note: add parentheses around left hand side expression to silence this warning
  while(! ( SysTick->CTRL & 0x10000 ) == 1 );
        ^~~~~~~~~~~~~~~~~~~~~~~~~~~~~
        (                            )
arm-none-eabi-gcc -o "UART LED Part1.elf" @"objects.list"   -mcpu=cortex-m4 -T"C:\Users\bendr\STM32CubeIDE\workspace_1.5.1\UART LED Part1\STM32L476RGTX_FLASH.ld" --specs=nosys.specs -Wl,-Map="UART LED Part1.map" -Wl,--gc-sections -static --specs=nano.specs -mfpu=fpv4-sp-d16 -mfloat-abi=hard -mthumb -Wl,--start-group -lc -lm -Wl,--end-group
Finished building target: UART LED Part1.elf
 
arm-none-eabi-objdump -h -S  UART\ LED\ Part1.elf  > "UART LED Part1.list"
arm-none-eabi-objcopy  -O binary  UART\ LED\ Part1.elf  "UART LED Part1.bin"
arm-none-eabi-size   UART\ LED\ Part1.elf 
   text	   data	    bss	    dec	    hex	filename
   3584	      8	   1576	   5168	   1430	UART LED Part1.elf
Finished building: default.size.stdout
 
Finished building: UART LED Part1.bin
Finished building: UART LED Part1.list
 
 
12:14:35 **** Incremental Build of configuration Debug for project UART LED Part1 ****
make -j8 all 
arm-none-eabi-size   UART\ LED\ Part1.elf 
   text	   data	    bss	    dec	    hex	filename
   3584	      8	   1576	   5168	   1430	UART LED Part1.elf
Finished building: default.size.stdout
 
